     VMA      LMA     Size Align Out     In      Symbol
       0        0        0     1 RAM_START = 0x20000000
       0        0        0     1 RAM_LENGTH = 0x00080000
       0        0        0     1 FLASH_START = 0x00000000
       0        0        0     1 FLASH_LENGTH = 0x00200000
       0        0        0     1 DATA_FLASH_START = 0x08000000
       0        0        0     1 DATA_FLASH_LENGTH = 0x00002000
       0        0        0     1 QSPI_FLASH_START = 0x60000000
       0        0        0     1 QSPI_FLASH_LENGTH = 0x04000000
       0        0        0     1 OSPI0_CS0_START = 0x68000000
       0        0        0     1 OSPI0_CS0_LENGTH = 0x08000000
       0        0        0     1 OSPI0_CS1_START = 0x70000000
       0        0        0     1 OSPI0_CS1_LENGTH = 0x10000000
       0        0        0     1 OPTION_SETTING_OFS0_START = 0x0100a100
       0        0        0     1 OPTION_SETTING_OFS0_LENGTH = 0x00000004
       0        0        0     1 OPTION_SETTING_DUALSEL_START = 0x0100a110
       0        0        0     1 OPTION_SETTING_DUALSEL_LENGTH = 0x00000004
       0        0        0     1 OPTION_SETTING_OFS1_START = 0x0100a180
       0        0        0     1 OPTION_SETTING_OFS1_LENGTH = 0x00000004
       0        0        0     1 OPTION_SETTING_BANKSEL_START = 0x0100a190
       0        0        0     1 OPTION_SETTING_BANKSEL_LENGTH = 0x00000004
       0        0        0     1 OPTION_SETTING_BPS_START = 0x0100a1c0
       0        0        0     1 OPTION_SETTING_BPS_LENGTH = 0x00000010
       0        0        0     1 OPTION_SETTING_PBPS_START = 0x0100a1e0
       0        0        0     1 OPTION_SETTING_PBPS_LENGTH = 0x00000010
       0        0        0     1 OPTION_SETTING_OFS1_SEC_START = 0x0100a200
       0        0        0     1 OPTION_SETTING_OFS1_SEC_LENGTH = 0x00000004
       0        0        0     1 OPTION_SETTING_BANKSEL_SEC_START = 0x0100a210
       0        0        0     1 OPTION_SETTING_BANKSEL_SEC_LENGTH = 0x00000004
       0        0        0     1 OPTION_SETTING_BPS_SEC_START = 0x0100a240
       0        0        0     1 OPTION_SETTING_BPS_SEC_LENGTH = 0x00000010
       0        0        0     1 OPTION_SETTING_PBPS_SEC_START = 0x0100a260
       0        0        0     1 OPTION_SETTING_PBPS_SEC_LENGTH = 0x00000010
       0        0        0     1 OPTION_SETTING_OFS1_SEL_START = 0x0100a280
       0        0        0     1 OPTION_SETTING_OFS1_SEL_LENGTH = 0x00000004
       0        0        0     1 OPTION_SETTING_BANKSEL_SEL_START = 0x0100a290
       0        0        0     1 OPTION_SETTING_BANKSEL_SEL_LENGTH = 0x00000004
       0        0        0     1 OPTION_SETTING_BPS_SEL_START = 0x0100a2c0
       0        0        0     1 OPTION_SETTING_BPS_SEL_LENGTH = 0x00000010
60000000 60000000        0     1 .qspi_flash.startof
60000000 60000000        0     1         __ddsc_QSPI_FLASH_START = .
68000000 68000000        0     1 .ospi0_cs0.startof
68000000 68000000        0     1         __ddsc_OSPI0_CS0_START = .
68000000 68000000        0     1 __ospi0_cs0_from_qspi_flash$$
68000000 68000000        0     1         __ospi0_cs0_from_qspi_flash$$Base = .
68000000 68000000        0     1         __ospi0_cs0_from_qspi_flash$$Load = LOADADDR(__ospi0_cs0_from_qspi_flash$$)
68000000 68000000        0     1         __ospi0_cs0_from_qspi_flash$$Limit = .
20000000 20000000        0     1 .ram.startof
20000000 20000000        0     1         __ddsc_RAM_START = .
20000000 20000000        0     1 __ram_dtc_vector$$
20000000 20000000        0     1         __ram_dtc_vector$$Base = .
20000000 20000000        0     1         __ram_dtc_vector$$Limit = .
20000000 20000000        0     1 __ram_from_qspi_flash$$
20000000 20000000        0     1         __ram_from_qspi_flash$$Base = .
20000000 20000000        0     1         __ram_from_qspi_flash$$Load = LOADADDR(__ram_from_qspi_flash$$)
20000000 20000000        0     1         __ram_from_qspi_flash$$Limit = .
60000000 60000000        0     1 __qspi_flash_readonly$$
60000000 60000000        0     1         __qspi_flash_readonly$$Base = .
60000000 60000000        0     1         __qspi_flash_readonly$$Limit = .
60000000 60000000        0     1 __qspi_flash_noinit$$
60000000 60000000        0     1         __qspi_flash_noinit$$Base = .
60000000 60000000        0     1         __qspi_flash_noinit$$Limit = .
60000000 60000000        0     1 .qspi_flash.endof
60000000 60000000        0     1         __ddsc_QSPI_FLASH_END = .
70000000 70000000        0     1 .ospi0_cs1.startof
70000000 70000000        0     1         __ddsc_OSPI0_CS1_START = .
68000000 68000000        0     1 __ospi0_cs0_from_ospi0_cs1$$
68000000 68000000        0     1         __ospi0_cs0_from_ospi0_cs1$$Base = .
68000000 68000000        0     1         __ospi0_cs0_from_ospi0_cs1$$Load = LOADADDR(__ospi0_cs0_from_ospi0_cs1$$)
68000000 68000000        0     1         __ospi0_cs0_from_ospi0_cs1$$Limit = .
20000000 20000000        0     1 __ram_from_ospi0_cs1$$
20000000 20000000        0     1         __ram_from_ospi0_cs1$$Base = .
20000000 20000000        0     1         __ram_from_ospi0_cs1$$Load = LOADADDR(__ram_from_ospi0_cs1$$)
20000000 20000000        0     1         __ram_from_ospi0_cs1$$Limit = .
70000000 70000000        0     1 __ospi0_cs1_readonly$$
70000000 70000000        0     1         __ospi0_cs1_readonly$$Base = .
70000000 70000000        0     1         __ospi0_cs1_readonly$$Limit = .
70000000 70000000        0     1 __ospi0_cs1_noinit$$
70000000 70000000        0     1         __ospi0_cs1_noinit$$Base = .
70000000 70000000        0     1         __ospi0_cs1_noinit$$Limit = .
70000000 70000000        0     1 .ospi0_cs1.endof
70000000 70000000        0     1         __ddsc_OSPI0_CS1_END = .
 8000000  8000000        0     1 .data_flash.startof
 8000000  8000000        0     1         __ddsc_DATA_FLASH_START = .
68000000 68000000        0     1 __ospi0_cs0_from_data_flash$$
68000000 68000000        0     1         __ospi0_cs0_from_data_flash$$Base = .
68000000 68000000        0     1         __ospi0_cs0_from_data_flash$$Load = LOADADDR(__ospi0_cs0_from_data_flash$$)
68000000 68000000        0     1         __ospi0_cs0_from_data_flash$$Limit = .
20000000 20000000        0     1 __ram_from_data_flash$$
20000000 20000000        0     1         __ram_from_data_flash$$Base = .
20000000 20000000        0     1         __ram_from_data_flash$$Load = LOADADDR(__ram_from_data_flash$$)
20000000 20000000        0     1         __ram_from_data_flash$$Limit = .
 8000000  8000000        0     1 __data_flash_readonly$$
 8000000  8000000        0     1         __data_flash_readonly$$Base = .
 8000000  8000000        0     1         __data_flash_readonly$$Limit = .
 8000000  8000000        0     1 __data_flash_noinit$$
 8000000  8000000        0     1         __data_flash_noinit$$Base = .
 8000000  8000000        0     1         __data_flash_noinit$$Limit = .
 8000000  8000000        0     1 .data_flash.endof
 8000000  8000000        0     1         __ddsc_DATA_FLASH_END = .
       0        0        0     1 .flash.startof
       0        0        0     1         __ddsc_FLASH_START = .
       0        0       68     4 __flash_vectors$$
       0        0        0     1         __flash_vectors$$Base = .
       0        0        0     1         _VECTORS = .
       0        0       40     4         ./ra/fsp/src/bsp/cmsis/Device/RENESAS/Source/startup.o:(.fixed_vectors)
       0        0       40     1                 __Vectors
      40       40       28     4         ./ra_gen/vector_data.o:(.application_vectors)
      40       40       28     1                 g_vector_table
      68       68        0     1         __flash_vectors$$Limit = .
      68       68        0     1 __flash_noinit$$
      68       68        0     1         __flash_noinit$$Base = .
      68       68        0     1         __flash_noinit$$Limit = .
68000000 68000000        0     1 __ospi0_cs0_from_flash$$
68000000 68000000        0     1         __ospi0_cs0_from_flash$$Base = .
68000000 68000000        0     1         __ospi0_cs0_from_flash$$Load = LOADADDR(__ospi0_cs0_from_flash$$)
68000000 68000000        0     1         __ospi0_cs0_from_flash$$Limit = .
68000000 68000000        0     1 __ospi0_cs0_noinit_nocache$$
68000000 68000000        0     1         __ospi0_cs0_noinit_nocache$$Base = .
68000000 68000000        0     1         __ospi0_cs0_noinit_nocache$$Limit = .
68000000 68000000        0     1 __ospi0_cs0_zero_nocache$$
68000000 68000000        0     1         __ospi0_cs0_zero_nocache$$Base = .
68000000 68000000        0     1         . = ALIGN(32)
68000000 68000000        0     1         __ospi0_cs0_zero_nocache$$Limit = .
68000000 68000000        0     1 __ospi0_cs0_noinit$$
68000000 68000000        0     1         __ospi0_cs0_noinit$$Base = .
68000000 68000000        0     1         __ospi0_cs0_noinit$$Limit = .
68000000 68000000        0     1 __ospi0_cs0_zero$$
68000000 68000000        0     1         __ospi0_cs0_zero$$Base = .
68000000 68000000        0     1         __ospi0_cs0_zero$$Limit = .
68000000 68000000        0     1 .ospi0_cs0.endof
68000000 68000000        0     1         __ddsc_OSPI0_CS0_END = .
20000000       68      124     4 __ram_from_flash$$
20000000       68        0     1         __ram_from_flash$$Base = .
20000000       68        0     1         __ram_from_flash$$Load = LOADADDR(__ram_from_flash$$)
20000000       68       20     1         ./src/Uart_Thread_entry.o:(.data.esp_time)
20000000       68       20     1                 esp_time
20000020       88       2c     4         ./ra_gen/Sensor_Thread.o:(.data.g_zmod4xxx_sensor0_extended_cfg)
20000020       88       2c     1                 g_zmod4xxx_sensor0_extended_cfg
2000004c       b4        4     1         ./ra_gen/Uart_Thread.o:(.data.g_uart3_baud_setting)
2000004c       b4        4     1                 g_uart3_baud_setting
20000050       b8        8     4         ./ra_gen/common_data.o:(.data.g_comms_i2c_bus0_recursive_mutex)
20000050       b8        8     1                 g_comms_i2c_bus0_recursive_mutex
20000058       c0        8     4         ./ra_gen/common_data.o:(.data.g_comms_i2c_bus0_blocking_semaphore)
20000058       c0        8     1                 g_comms_i2c_bus0_blocking_semaphore
20000060       c8       1c     4         ./ra_gen/common_data.o:(.data.g_comms_i2c_bus0_extended_cfg)
20000060       c8       1c     1                 g_comms_i2c_bus0_extended_cfg
2000007c       e4        a     1         ./ra/fsp/src/rm_zmod4xxx/iaq_2nd_gen/rm_zmod4410_iaq_2nd_gen.o:(.data.data_set_4410i)
2000007c       e4        a     1                 data_set_4410i
20000086       ee       3c     1         ./ra/fsp/src/rm_zmod4xxx/iaq_2nd_gen/rm_zmod4410_iaq_2nd_gen.o:(.data.data_set_4410_iaq_2nd_gen)
20000086       ee       3c     1                 data_set_4410_iaq_2nd_gen
200000c4      12c       60     4         ./ra/fsp/src/rm_zmod4xxx/iaq_2nd_gen/rm_zmod4410_iaq_2nd_gen.o:(.data.g_zmod4410_iaq_2nd_gen_sensor_type)
200000c4      12c       60     1                 g_zmod4410_iaq_2nd_gen_sensor_type
20000124      18c        0     1         __ram_from_flash$$Limit = .
20000140 20000140        0     1 __ram_noinit_nocache$$
20000140 20000140        0     1         __ram_noinit_nocache$$Base = .
20000140 20000140        0     1         __ram_noinit_nocache$$Limit = .
20000140 20000140        0     1 __ram_zero_nocache$$
20000140 20000140        0     1         __ram_zero_nocache$$Base = .
20000140 20000140        0     1         . = ALIGN(32)
20000140 20000140        0     1         __ram_zero_nocache$$Limit = .
20000140 20000140      41c     8 __ram_noinit$$
20000140 20000140        0     1         __ram_noinit$$Base = .
20000140 20000140      400     8         ./ra/fsp/src/bsp/cmsis/Device/RENESAS/Source/startup.o:(.bss.g_main_stack)
20000140 20000140      400     1                 g_main_stack
20000540 20000540       1c     4         ./ra/fsp/src/bsp/mcu/all/bsp_clocks.o:(.ram_noinit)
20000540 20000540       1c     1                 g_clock_freq
2000055c 2000055c        0     1         __ram_noinit$$Limit = .
2000055c 2000055c      cb0     4 __ram_zero$$
2000055c 2000055c        0     1         __ram_zero$$Base = .
2000055c 2000055c        4     4         ./src/Sensor_Thread_entry.o:(.bss.g_shared_temp)
2000055c 2000055c        4     1                 g_shared_temp
20000560 20000560        4     4         ./src/Sensor_Thread_entry.o:(.bss.g_shared_humi)
20000560 20000560        4     1                 g_shared_humi
20000564 20000564        4     4         ./src/Sensor_Thread_entry.o:(.bss.g_shared_eco2)
20000564 20000564        4     1                 g_shared_eco2
20000568 20000568        4     4         ./src/Sensor_Thread_entry.o:(.bss.g_shared_tvoc)
20000568 20000568        4     1                 g_shared_tvoc
2000056c 2000056c        1     1         ./src/Uart_Thread_entry.o:(.bss.uart_tx_complete)
2000056c 2000056c        1     1                 uart_tx_complete
2000056d 2000056d        1     1         ./src/Uart_Thread_entry.o:(.bss.has_synced_rtc)
2000056d 2000056d        1     1                 has_synced_rtc
20000570 20000570        4     4         ./src/Uart_Thread_entry.o:(.bss.rx_index)
20000570 20000570        4     1                 rx_index
20000574 20000574       40     1         ./src/Uart_Thread_entry.o:(.bss.uart_rx_buf)
20000574 20000574       40     1                 uart_rx_buf
200005b4 200005b4       78     4         ./ra_gen/Sensor_Thread.o:(.bss.g_zmod4xxx_sensor0_ctrl)
200005b4 200005b4       78     1                 g_zmod4xxx_sensor0_ctrl
2000062c 2000062c       24     4         ./ra_gen/Sensor_Thread.o:(.bss.g_comms_i2c_device1_ctrl)
2000062c 2000062c       24     1                 g_comms_i2c_device1_ctrl
20000650 20000650        7     1         ./ra_gen/Sensor_Thread.o:(.bss.g_zmod4xxx_sensor0_product_data)
20000650 20000650        7     1                 g_zmod4xxx_sensor0_product_data
20000658 20000658       28     4         ./ra_gen/Sensor_Thread.o:(.bss.g_zmod4xxx_sensor0_dev)
20000658 20000658       28     1                 g_zmod4xxx_sensor0_dev
20000680 20000680       9c     4         ./ra_gen/Sensor_Thread.o:(.bss.g_zmod4xxx_sensor0_lib_handle)
20000680 20000680       9c     1                 g_zmod4xxx_sensor0_lib_handle
2000071c 2000071c       58     4         ./ra_gen/Sensor_Thread.o:(.bss.g_zmod4xxx_sensor0_lib_results)
2000071c 2000071c       58     1                 g_zmod4xxx_sensor0_lib_results
20000774 20000774       1c     4         ./ra_gen/Sensor_Thread.o:(.bss.g_hs300x_sensor0_ctrl)
20000774 20000774       1c     1                 g_hs300x_sensor0_ctrl
20000790 20000790       24     4         ./ra_gen/Sensor_Thread.o:(.bss.g_comms_i2c_device0_ctrl)
20000790 20000790       24     1                 g_comms_i2c_device0_ctrl
200007b4 200007b4       68     4         ./ra_gen/Sensor_Thread.o:(.bss.Sensor_Thread_memory)
200007b4 200007b4       68     1                 Sensor_Thread_memory
2000081c 2000081c        4     4         ./ra_gen/Sensor_Thread.o:(.bss.Sensor_Thread)
2000081c 2000081c        4     1                 Sensor_Thread
20000820 20000820       18     4         ./ra_gen/Uart_Thread.o:(.bss.g_rtc0_ctrl)
20000820 20000820       18     1                 g_rtc0_ctrl
20000838 20000838       30     4         ./ra_gen/Uart_Thread.o:(.bss.g_uart3_ctrl)
20000838 20000838       30     1                 g_uart3_ctrl
20000868 20000868       68     4         ./ra_gen/Uart_Thread.o:(.bss.Uart_Thread_memory)
20000868 20000868       68     1                 Uart_Thread_memory
200008d0 200008d0        4     4         ./ra_gen/Uart_Thread.o:(.bss.Uart_Thread)
200008d0 200008d0        4     1                 Uart_Thread
200008d4 200008d4       10     4         ./ra_gen/common_data.o:(.bss.g_external_irq0_ctrl)
200008d4 200008d4       10     1                 g_external_irq0_ctrl
200008e4 200008e4       40     4         ./ra_gen/common_data.o:(.bss.g_i2c_master0_ctrl)
200008e4 200008e4       40     1                 g_i2c_master0_ctrl
20000924 20000924        4     4         ./ra_gen/common_data.o:(.bss.g_comms_i2c_bus0_recursive_mutex_handle)
20000924 20000924        4     1                 g_comms_i2c_bus0_recursive_mutex_handle
20000928 20000928       48     4         ./ra_gen/common_data.o:(.bss.g_comms_i2c_bus0_recursive_mutex_memory)
20000928 20000928       48     1                 g_comms_i2c_bus0_recursive_mutex_memory
20000970 20000970        4     4         ./ra_gen/common_data.o:(.bss.g_comms_i2c_bus0_blocking_semaphore_handle)
20000970 20000970        4     1                 g_comms_i2c_bus0_blocking_semaphore_handle
20000974 20000974       48     4         ./ra_gen/common_data.o:(.bss.g_comms_i2c_bus0_blocking_semaphore_memory)
20000974 20000974       48     1                 g_comms_i2c_bus0_blocking_semaphore_memory
200009bc 200009bc        8     4         ./ra_gen/common_data.o:(.bss.g_ioport_ctrl)
200009bc 200009bc        8     1                 g_ioport_ctrl
200009c4 200009c4       48     4         ./ra_gen/common_data.o:(.bss.g_sensor_mutex_memory)
200009c4 200009c4       48     1                 g_sensor_mutex_memory
20000a0c 20000a0c        4     4         ./ra_gen/common_data.o:(.bss.g_sensor_mutex)
20000a0c 20000a0c        4     1                 g_sensor_mutex
20000a10 20000a10        4     4         ./ra_gen/main.o:(.bss.g_fsp_common_initialized_semaphore)
20000a10 20000a10        4     1                 g_fsp_common_initialized_semaphore
20000a14 20000a14        1     1         ./ra_gen/main.o:(.bss.g_fsp_common_initialized)
20000a14 20000a14        1     1                 g_fsp_common_initialized
20000a18 20000a18        4     4         ./ra_gen/main.o:(.bss.g_fsp_common_thread_count)
20000a18 20000a18        4     1                 g_fsp_common_thread_count
20000a1c 20000a1c       48     4         ./ra_gen/main.o:(.bss.g_fsp_common_initialized_semaphore_memory)
20000a1c 20000a1c       48     1                 g_fsp_common_initialized_semaphore_memory
20000a64 20000a64       68     4         ./ra_gen/main.o:(.bss.vApplicationGetIdleTaskMemory.xIdleTaskTCB)
20000a64 20000a64       68     1                 vApplicationGetIdleTaskMemory.xIdleTaskTCB
20000acc 20000acc      200     4         ./ra_gen/main.o:(.bss.vApplicationGetIdleTaskMemory.uxIdleTaskStack)
20000acc 20000acc      200     1                 vApplicationGetIdleTaskMemory.uxIdleTaskStack
20000ccc 20000ccc       68     4         ./ra_gen/main.o:(.bss.vApplicationGetTimerTaskMemory.xTimerTaskTCB)
20000ccc 20000ccc       68     1                 vApplicationGetTimerTaskMemory.xTimerTaskTCB
20000d34 20000d34      200     4         ./ra_gen/main.o:(.bss.vApplicationGetTimerTaskMemory.uxTimerTaskStack)
20000d34 20000d34      200     1                 vApplicationGetTimerTaskMemory.uxTimerTaskStack
20000f34 20000f34        4     4         ./ra/fsp/src/rm_freertos_port/port.o:(.bss.uxCriticalNesting)
20000f34 20000f34        4     1                 uxCriticalNesting
20000f38 20000f38        4     4         ./ra/fsp/src/rm_freertos_port/port.o:(.bss.g_mask_level_before_disable)
20000f38 20000f38        4     1                 g_mask_level_before_disable
20000f3c 20000f3c       40     4         ./ra/fsp/src/bsp/mcu/all/bsp_group_irq.o:(.bss.g_bsp_group_irq_sources)
20000f3c 20000f3c       40     1                 g_bsp_group_irq_sources
20000f7c 20000f7c        4     4         ./ra/fsp/src/bsp/mcu/all/bsp_io.o:(.bss.g_protect_pfswe_counter)
20000f7c 20000f7c        4     1                 g_protect_pfswe_counter
20000f80 20000f80       28     4         ./ra/fsp/src/bsp/mcu/all/bsp_irq.o:(.bss.gp_renesas_isr_context)
20000f80 20000f80       28     1                 gp_renesas_isr_context
20000fa8 20000fa8        a     2         ./ra/fsp/src/bsp/mcu/all/bsp_register_protection.o:(.bss.g_protect_counters)
20000fa8 20000fa8        a     1                 g_protect_counters
20000fb4 20000fb4        4     4         ./ra/fsp/src/bsp/cmsis/Device/RENESAS/Source/system.o:(.bss.SystemCoreClock)
20000fb4 20000fb4        4     1                 SystemCoreClock
20000fb8 20000fb8       50     4         ./ra/aws/FreeRTOS/FreeRTOS/Source/queue.o:(.bss.xQueueRegistry)
20000fb8 20000fb8       50     1                 xQueueRegistry
20001008 20001008        4     4         ./ra/aws/FreeRTOS/FreeRTOS/Source/tasks.o:(.bss.pxCurrentTCB)
20001008 20001008        4     1                 pxCurrentTCB
2000100c 2000100c        4     4         ./ra/aws/FreeRTOS/FreeRTOS/Source/tasks.o:(.bss.uxTaskNumber)
2000100c 2000100c        4     1                 uxTaskNumber
20001010 20001010        4     4         ./ra/aws/FreeRTOS/FreeRTOS/Source/tasks.o:(.bss.xSchedulerRunning)
20001010 20001010        4     1                 xSchedulerRunning
20001014 20001014       14     4         ./ra/aws/FreeRTOS/FreeRTOS/Source/tasks.o:(.bss.xTasksWaitingTermination)
20001014 20001014       14     1                 xTasksWaitingTermination
20001028 20001028        4     4         ./ra/aws/FreeRTOS/FreeRTOS/Source/tasks.o:(.bss.uxDeletedTasksWaitingCleanUp)
20001028 20001028        4     1                 uxDeletedTasksWaitingCleanUp
2000102c 2000102c        4     4         ./ra/aws/FreeRTOS/FreeRTOS/Source/tasks.o:(.bss.uxCurrentNumberOfTasks)
2000102c 2000102c        4     1                 uxCurrentNumberOfTasks
20001030 20001030        4     4         ./ra/aws/FreeRTOS/FreeRTOS/Source/tasks.o:(.bss.uxSchedulerSuspended)
20001030 20001030        4     1                 uxSchedulerSuspended
20001034 20001034        4     4         ./ra/aws/FreeRTOS/FreeRTOS/Source/tasks.o:(.bss.xTickCount)
20001034 20001034        4     1                 xTickCount
20001038 20001038       64     4         ./ra/aws/FreeRTOS/FreeRTOS/Source/tasks.o:(.bss.pxReadyTasksLists)
20001038 20001038       64     1                 pxReadyTasksLists
2000109c 2000109c        4     4         ./ra/aws/FreeRTOS/FreeRTOS/Source/tasks.o:(.bss.uxTopReadyPriority)
2000109c 2000109c        4     1                 uxTopReadyPriority
200010a0 200010a0       14     4         ./ra/aws/FreeRTOS/FreeRTOS/Source/tasks.o:(.bss.xSuspendedTaskList)
200010a0 200010a0       14     1                 xSuspendedTaskList
200010b4 200010b4        4     4         ./ra/aws/FreeRTOS/FreeRTOS/Source/tasks.o:(.bss.xYieldPendings)
200010b4 200010b4        4     1                 xYieldPendings
200010b8 200010b8       14     4         ./ra/aws/FreeRTOS/FreeRTOS/Source/tasks.o:(.bss.xPendingReadyList)
200010b8 200010b8       14     1                 xPendingReadyList
200010cc 200010cc        4     4         ./ra/aws/FreeRTOS/FreeRTOS/Source/tasks.o:(.bss.xNextTaskUnblockTime)
200010cc 200010cc        4     1                 xNextTaskUnblockTime
200010d0 200010d0        4     4         ./ra/aws/FreeRTOS/FreeRTOS/Source/tasks.o:(.bss.xIdleTaskHandles.0)
200010d0 200010d0        4     1                 xIdleTaskHandles.0
200010d4 200010d4        4     4         ./ra/aws/FreeRTOS/FreeRTOS/Source/tasks.o:(.bss.xPendedTicks)
200010d4 200010d4        4     1                 xPendedTicks
200010d8 200010d8        4     4         ./ra/aws/FreeRTOS/FreeRTOS/Source/tasks.o:(.bss.pxDelayedTaskList)
200010d8 200010d8        4     1                 pxDelayedTaskList
200010dc 200010dc        4     4         ./ra/aws/FreeRTOS/FreeRTOS/Source/tasks.o:(.bss.pxOverflowDelayedTaskList)
200010dc 200010dc        4     1                 pxOverflowDelayedTaskList
200010e0 200010e0        4     4         ./ra/aws/FreeRTOS/FreeRTOS/Source/tasks.o:(.bss.xNumOfOverflows)
200010e0 200010e0        4     1                 xNumOfOverflows
200010e4 200010e4       14     4         ./ra/aws/FreeRTOS/FreeRTOS/Source/tasks.o:(.bss.xDelayedTaskList1)
200010e4 200010e4       14     1                 xDelayedTaskList1
200010f8 200010f8       14     4         ./ra/aws/FreeRTOS/FreeRTOS/Source/tasks.o:(.bss.xDelayedTaskList2)
200010f8 200010f8       14     1                 xDelayedTaskList2
2000110c 2000110c        4     4         ./ra/aws/FreeRTOS/FreeRTOS/Source/timers.o:(.bss.xTimerQueue)
2000110c 2000110c        4     1                 xTimerQueue
20001110 20001110        4     4         ./ra/aws/FreeRTOS/FreeRTOS/Source/timers.o:(.bss.xTimerTaskHandle)
20001110 20001110        4     1                 xTimerTaskHandle
20001114 20001114        4     4         ./ra/aws/FreeRTOS/FreeRTOS/Source/timers.o:(.bss.pxCurrentTimerList)
20001114 20001114        4     1                 pxCurrentTimerList
20001118 20001118        4     4         ./ra/aws/FreeRTOS/FreeRTOS/Source/timers.o:(.bss.pxOverflowTimerList)
20001118 20001118        4     1                 pxOverflowTimerList
2000111c 2000111c        4     4         ./ra/aws/FreeRTOS/FreeRTOS/Source/timers.o:(.bss.prvSampleTimeNow.xLastTime)
2000111c 2000111c        4     1                 prvSampleTimeNow.xLastTime
20001120 20001120       14     4         ./ra/aws/FreeRTOS/FreeRTOS/Source/timers.o:(.bss.xActiveTimerList1)
20001120 20001120       14     1                 xActiveTimerList1
20001134 20001134       14     4         ./ra/aws/FreeRTOS/FreeRTOS/Source/timers.o:(.bss.xActiveTimerList2)
20001134 20001134       14     1                 xActiveTimerList2
20001148 20001148       48     4         ./ra/aws/FreeRTOS/FreeRTOS/Source/timers.o:(.bss.prvCheckForValidListAndQueue.xStaticTimerQueue)
20001148 20001148       48     1                 prvCheckForValidListAndQueue.xStaticTimerQueue
20001190 20001190       78     1         ./ra/aws/FreeRTOS/FreeRTOS/Source/timers.o:(.bss.prvCheckForValidListAndQueue.ucStaticTimerQueueStorage)
20001190 20001190       78     1                 prvCheckForValidListAndQueue.ucStaticTimerQueueStorage
20001208 20001208        4     4         C:\Renesas\e2_studio\toolchains\llvm_arm\ATfE-21.1.1-Windows-x86_64\bin\..\lib\clang-runtimes/arm-none-eabi/armv8m.main_hard_fp_exn_rtti_unaligned_size\lib\libc.a(libc_picolib_machine_arm_tls.c.o):(.bss.__tls)
20001208 20001208        4     1                 __tls
2000120c 2000120c        0     1         __ram_zero$$Limit = .
2000120c 2000120c        0     1 __ram_tdata$$
2000120c 2000120c        0     1         __ram_tdata$$Base = .
2000120c 2000120c        0     1         __ram_tdata$$Load = LOADADDR(__ram_tdata$$)
2000120c 2000120c        0     1         __ram_tdata$$Limit = .
2000120c 2000120c        0     1 __ram_tbss$$
2000120c 2000120c        0     1         __ram_tbss$$Base = .
2000120c 2000120c        0     1         __ram_tbss$$Limit = .
20001210 20001210      800     8 __ram_thread_stack$$
20001210 20001210        0     1         __ram_thread_stack$$Base = .
20001210 20001210      400     8         ./ra_gen/Sensor_Thread.o:(.stack.Sensor_Thread)
20001210 20001210      400     1                 Sensor_Thread_stack
20001610 20001610      400     8         ./ra_gen/Uart_Thread.o:(.stack.Uart_Thread)
20001610 20001610      400     1                 Uart_Thread_stack
20001a10 20001a10        0     1         __ram_thread_stack$$Limit = .
20001c00 20001c00        0     1 .ram.endof
20001c00 20001c00        0     1         __ddsc_RAM_END = .
20001c00 20001c00        0     1 .ram.flat_nsc
20001c00 20001c00        0     1         __ddsc_RAM_NSC = .
     190      190     c05e     8 __flash_readonly$$
     190      190        0     1         __flash_readonly$$Base = .
     190      190        2     2         ./src/Sensor_Thread_entry.o:(.text.zmod4xxx_comms_i2c_callback)
     190      190        0     1                 $t
     191      191        2     1                 zmod4xxx_comms_i2c_callback
     192      192        2     2         ./src/Sensor_Thread_entry.o:(.text.zmod4xxx_irq_callback)
     192      192        0     1                 $t
     193      193        2     1                 zmod4xxx_irq_callback
     194      194        2     2         ./src/Sensor_Thread_entry.o:(.text.hs300x_callback)
     194      194        0     1                 $t
     195      195        2     1                 hs300x_callback
     198      198      12c     4         ./src/Sensor_Thread_entry.o:(.text.Sensor_Thread_entry)
     198      198        0     1                 $t
     199      199      12c     1                 Sensor_Thread_entry
     2c0      2c0        0     1                 $d
     2c4      2c4       70     2         ./src/Uart_Thread_entry.o:(.text.sync_time_to_rtc)
     2c4      2c4        0     1                 $t
     2c5      2c5       70     1                 sync_time_to_rtc
     334      334       66     2         ./src/Uart_Thread_entry.o:(.text.user_uart_callback)
     334      334        0     1                 $t
     335      335       66     1                 user_uart_callback
     39c      39c      180     4         ./src/Uart_Thread_entry.o:(.text.Uart_Thread_entry)
     39c      39c        0     1                 $t
     39d      39d      180     1                 Uart_Thread_entry
     518      518        0     1                 $d
     51c      51c       1a     2         ./src/hal_warmstart.o:(.text.R_BSP_WarmStart)
     51c      51c        0     1                 $t
     51d      51d       1a     1                 R_BSP_WarmStart
     536      536       6a     2         ./ra_gen/Sensor_Thread.o:(.text.Sensor_Thread_create)
     536      536        0     1                 $t
     537      537       6a     1                 Sensor_Thread_create
     5a0      5a0       12     2         ./ra_gen/Sensor_Thread.o:(.text.Sensor_Thread_func)
     5a0      5a0        0     1                 $t
     5a1      5a1       12     1                 Sensor_Thread_func
     5b2      5b2       6a     2         ./ra_gen/Uart_Thread.o:(.text.Uart_Thread_create)
     5b2      5b2        0     1                 $t
     5b3      5b3       6a     1                 Uart_Thread_create
     61c      61c       12     2         ./ra_gen/Uart_Thread.o:(.text.Uart_Thread_func)
     61c      61c        0     1                 $t
     61d      61d       12     1                 Uart_Thread_func
     62e      62e       2a     2         ./ra_gen/common_data.o:(.text.g_common_init)
     62e      62e        0     1                 $t
     62f      62f       2a     1                 g_common_init
     658      658        4     2         ./ra_gen/hal_data.o:(.text.g_hal_init)
     658      658        0     1                 $t
     659      659        4     1                 g_hal_init
     65c      65c        4     2         ./ra_gen/main.o:(.text.rtos_startup_err_callback_internal)
     65c      65c        0     1                 $t
     65d      65d        4     1                 rtos_startup_err_callback_internal
     65d      65d        4     1                 rtos_startup_err_callback
     660      660       62     4         ./ra_gen/main.o:(.text.rtos_startup_common_init)
     660      660        0     1                 $t
     661      661       62     1                 rtos_startup_common_init
     6c2      6c2       4e     2         ./ra_gen/main.o:(.text.main)
     6c2      6c2        0     1                 $t
     6c3      6c3       4e     1                 main
     710      710       1a     2         ./ra_gen/main.o:(.text.vApplicationGetIdleTaskMemory)
     710      710        0     1                 $t
     711      711       1a     1                 vApplicationGetIdleTaskMemory
     72a      72a       1a     2         ./ra_gen/main.o:(.text.vApplicationGetTimerTaskMemory)
     72a      72a        0     1                 $t
     72b      72b       1a     1                 vApplicationGetTimerTaskMemory
     744      744       22     2         ./ra/fsp/src/rm_zmod4xxx/iaq_2nd_gen/rm_zmod4410_iaq_2nd_gen.o:(.text.rm_zmod4410_iaq_2nd_gen_open)
     744      744        0     1                 $t
     745      745       22     1                 rm_zmod4410_iaq_2nd_gen_open
     766      766        4     2         ./ra/fsp/src/rm_zmod4xxx/iaq_2nd_gen/rm_zmod4410_iaq_2nd_gen.o:(.text.rm_zmod4410_iaq_2nd_gen_measurement_start)
     766      766        0     1                 $t
     767      767        4     1                 rm_zmod4410_iaq_2nd_gen_measurement_start
     76a      76a        4     2         ./ra/fsp/src/rm_zmod4xxx/iaq_2nd_gen/rm_zmod4410_iaq_2nd_gen.o:(.text.rm_zmod4410_iaq_2nd_gen_measurement_stop)
     76a      76a        0     1                 $t
     76b      76b        4     1                 rm_zmod4410_iaq_2nd_gen_measurement_stop
     76e      76e        4     2         ./ra/fsp/src/rm_zmod4xxx/iaq_2nd_gen/rm_zmod4410_iaq_2nd_gen.o:(.text.rm_zmod4410_iaq_2nd_gen_status_check)
     76e      76e        0     1                 $t
     76f      76f        4     1                 rm_zmod4410_iaq_2nd_gen_status_check
     772      772        4     2         ./ra/fsp/src/rm_zmod4xxx/iaq_2nd_gen/rm_zmod4410_iaq_2nd_gen.o:(.text.rm_zmod4410_iaq_2nd_gen_read)
     772      772        0     1                 $t
     773      773        4     1                 rm_zmod4410_iaq_2nd_gen_read
     776      776        4     2         ./ra/fsp/src/rm_zmod4xxx/iaq_2nd_gen/rm_zmod4410_iaq_2nd_gen.o:(.text.rm_zmod4410_iaq_2nd_gen_iaq_1st_gen_data_calculate)
     776      776        0     1                 $t
     777      777        4     1                 rm_zmod4410_iaq_2nd_gen_iaq_1st_gen_data_calculate
     77c      77c       64     4         ./ra/fsp/src/rm_zmod4xxx/iaq_2nd_gen/rm_zmod4410_iaq_2nd_gen.o:(.text.rm_zmod4410_iaq_2nd_gen_data_calculate)
     77c      77c        0     1                 $t
     77d      77d       64     1                 rm_zmod4410_iaq_2nd_gen_data_calculate
     7e0      7e0        4     2         ./ra/fsp/src/rm_zmod4xxx/iaq_2nd_gen/rm_zmod4410_iaq_2nd_gen.o:(.text.rm_zmod4410_iaq_2nd_gen_sulfur_odor_data_calculate)
     7e0      7e0        0     1                 $t
     7e1      7e1        4     1                 rm_zmod4410_iaq_2nd_gen_sulfur_odor_data_calculate
     7e4      7e4        4     2         ./ra/fsp/src/rm_zmod4xxx/iaq_2nd_gen/rm_zmod4410_iaq_2nd_gen.o:(.text.rm_zmod4410_iaq_2nd_gen_oaq_2nd_gen_data_calculate)
     7e4      7e4        0     1                 $t
     7e5      7e5        4     1                 rm_zmod4410_iaq_2nd_gen_oaq_2nd_gen_data_calculate
     7e8      7e8        4     2         ./ra/fsp/src/rm_zmod4xxx/iaq_2nd_gen/rm_zmod4410_iaq_2nd_gen.o:(.text.rm_zmod4410_iaq_2nd_gen_raq_data_calculate)
     7e8      7e8        0     1                 $t
     7e9      7e9        4     1                 rm_zmod4410_iaq_2nd_gen_raq_data_calculate
     7ec      7ec        4     2         ./ra/fsp/src/rm_zmod4xxx/iaq_2nd_gen/rm_zmod4410_iaq_2nd_gen.o:(.text.rm_zmod4410_iaq_2nd_gen_rel_iaq_data_calculate)
     7ec      7ec        0     1                 $t
     7ed      7ed        4     1                 rm_zmod4410_iaq_2nd_gen_rel_iaq_data_calculate
     7f0      7f0        4     2         ./ra/fsp/src/rm_zmod4xxx/iaq_2nd_gen/rm_zmod4410_iaq_2nd_gen.o:(.text.rm_zmod4410_iaq_2nd_gen_pbaq_data_calculate)
     7f0      7f0        0     1                 $t
     7f1      7f1        4     1                 rm_zmod4410_iaq_2nd_gen_pbaq_data_calculate
     7f4      7f4        4     2         ./ra/fsp/src/rm_zmod4xxx/iaq_2nd_gen/rm_zmod4410_iaq_2nd_gen.o:(.text.rm_zmod4410_iaq_2nd_gen_no2_o3_data_calculate)
     7f4      7f4        0     1                 $t
     7f5      7f5        4     1                 rm_zmod4410_iaq_2nd_gen_no2_o3_data_calculate
     7f8      7f8        4     2         ./ra/fsp/src/rm_zmod4xxx/iaq_2nd_gen/rm_zmod4410_iaq_2nd_gen.o:(.text.rm_zmod4410_iaq_2nd_gen_temperature_and_humidity_set)
     7f8      7f8        0     1                 $t
     7f9      7f9        4     1                 rm_zmod4410_iaq_2nd_gen_temperature_and_humidity_set
     7fc      7fc        4     2         ./ra/fsp/src/rm_zmod4xxx/iaq_2nd_gen/rm_zmod4410_iaq_2nd_gen.o:(.text.rm_zmod4410_iaq_2nd_gen_device_error_check)
     7fc      7fc        0     1                 $t
     7fd      7fd        4     1                 rm_zmod4410_iaq_2nd_gen_device_error_check
     800      800        4     2         ./ra/fsp/src/rm_zmod4xxx/iaq_2nd_gen/rm_zmod4410_iaq_2nd_gen.o:(.text.rm_zmod4410_iaq_2nd_gen_close)
     800      800        0     1                 $t
     801      801        4     1                 rm_zmod4410_iaq_2nd_gen_close
     804      804      442     4         ./ra/fsp/src/rm_zmod4xxx/rm_zmod4xxx.o:(.text.RM_ZMOD4XXX_Open)
     804      804        0     1                 $t
     805      805      442     1                 RM_ZMOD4XXX_Open
     c46      c46       1e     2         ./ra/fsp/src/rm_zmod4xxx/rm_zmod4xxx.o:(.text.RM_ZMOD4XXX_MeasurementStart)
     c46      c46        0     1                 $t
     c47      c47       1e     1                 RM_ZMOD4XXX_MeasurementStart
     c64      c64        e     2         ./ra/fsp/src/rm_zmod4xxx/rm_zmod4xxx.o:(.text.RM_ZMOD4XXX_MeasurementStop)
     c64      c64        0     1                 $t
     c65      c65        e     1                 RM_ZMOD4XXX_MeasurementStop
     c72      c72       20     2         ./ra/fsp/src/rm_zmod4xxx/rm_zmod4xxx.o:(.text.RM_ZMOD4XXX_StatusCheck)
     c72      c72        0     1                 $t
     c73      c73       20     1                 RM_ZMOD4XXX_StatusCheck
     c92      c92       38     2         ./ra/fsp/src/rm_zmod4xxx/rm_zmod4xxx.o:(.text.RM_ZMOD4XXX_Read)
     c92      c92        0     1                 $t
     c93      c93       38     1                 RM_ZMOD4XXX_Read
     cca      cca        8     2         ./ra/fsp/src/rm_zmod4xxx/rm_zmod4xxx.o:(.text.RM_ZMOD4XXX_Iaq1stGenDataCalculate)
     cca      cca        0     1                 $t
     ccb      ccb        8     1                 RM_ZMOD4XXX_Iaq1stGenDataCalculate
     cd2      cd2        8     2         ./ra/fsp/src/rm_zmod4xxx/rm_zmod4xxx.o:(.text.RM_ZMOD4XXX_Iaq2ndGenDataCalculate)
     cd2      cd2        0     1                 $t
     cd3      cd3        8     1                 RM_ZMOD4XXX_Iaq2ndGenDataCalculate
     cda      cda        8     2         ./ra/fsp/src/rm_zmod4xxx/rm_zmod4xxx.o:(.text.RM_ZMOD4XXX_SulfurOdorDataCalculate)
     cda      cda        0     1                 $t
     cdb      cdb        8     1                 RM_ZMOD4XXX_SulfurOdorDataCalculate
     ce2      ce2        8     2         ./ra/fsp/src/rm_zmod4xxx/rm_zmod4xxx.o:(.text.RM_ZMOD4XXX_Oaq2ndGenDataCalculate)
     ce2      ce2        0     1                 $t
     ce3      ce3        8     1                 RM_ZMOD4XXX_Oaq2ndGenDataCalculate
     cea      cea        8     2         ./ra/fsp/src/rm_zmod4xxx/rm_zmod4xxx.o:(.text.RM_ZMOD4XXX_RaqDataCalculate)
     cea      cea        0     1                 $t
     ceb      ceb        8     1                 RM_ZMOD4XXX_RaqDataCalculate
     cf2      cf2        8     2         ./ra/fsp/src/rm_zmod4xxx/rm_zmod4xxx.o:(.text.RM_ZMOD4XXX_RelIaqDataCalculate)
     cf2      cf2        0     1                 $t
     cf3      cf3        8     1                 RM_ZMOD4XXX_RelIaqDataCalculate
     cfa      cfa        8     2         ./ra/fsp/src/rm_zmod4xxx/rm_zmod4xxx.o:(.text.RM_ZMOD4XXX_PbaqDataCalculate)
     cfa      cfa        0     1                 $t
     cfb      cfb        8     1                 RM_ZMOD4XXX_PbaqDataCalculate
     d02      d02        8     2         ./ra/fsp/src/rm_zmod4xxx/rm_zmod4xxx.o:(.text.RM_ZMOD4XXX_No2O3DataCalculate)
     d02      d02        0     1                 $t
     d03      d03        8     1                 RM_ZMOD4XXX_No2O3DataCalculate
     d0a      d0a        e     2         ./ra/fsp/src/rm_zmod4xxx/rm_zmod4xxx.o:(.text.RM_ZMOD4XXX_TemperatureAndHumiditySet)
     d0a      d0a        0     1                 $t
     d0b      d0b        e     1                 RM_ZMOD4XXX_TemperatureAndHumiditySet
     d18      d18       18     2         ./ra/fsp/src/rm_zmod4xxx/rm_zmod4xxx.o:(.text.RM_ZMOD4XXX_DeviceErrorCheck)
     d18      d18        0     1                 $t
     d19      d19       18     1                 RM_ZMOD4XXX_DeviceErrorCheck
     d30      d30       20     2         ./ra/fsp/src/rm_zmod4xxx/rm_zmod4xxx.o:(.text.RM_ZMOD4XXX_Close)
     d30      d30        0     1                 $t
     d31      d31       20     1                 RM_ZMOD4XXX_Close
     d50      d50       be     2         ./ra/fsp/src/rm_zmod4xxx/rm_zmod4xxx.o:(.text.rm_zmod4xxx_comms_i2c_callback)
     d50      d50        0     1                 $t
     d51      d51       be     1                 rm_zmod4xxx_comms_i2c_callback
     e10      e10       8a     4         ./ra/fsp/src/rm_zmod4xxx/rm_zmod4xxx.o:(.text.rm_zmod4xxx_i2c_read)
     e10      e10        0     1                 $t
     e11      e11       8a     1                 rm_zmod4xxx_i2c_read
     e9c      e9c       8e     4         ./ra/fsp/src/rm_zmod4xxx/rm_zmod4xxx.o:(.text.rm_zmod4xxx_i2c_write)
     e9c      e9c        0     1                 $t
     e9d      e9d       8e     1                 rm_zmod4xxx_i2c_write
     f2c      f2c       a0     4         ./ra/fsp/src/rm_zmod4xxx/rm_zmod4xxx.o:(.text.rm_zmod4xxx_calc_factor)
     f2c      f2c        0     1                 $t
     f2d      f2d       a0     1                 rm_zmod4xxx_calc_factor
     fbc      fbc        0     1                 $d
     fcc      fcc       10     2         ./ra/fsp/src/rm_zmod4xxx/rm_zmod4xxx_ra_driver.o:(.text.rm_zmod4xxx_delay_ms)
     fcc      fcc        0     1                 $t
     fcd      fcd       10     1                 rm_zmod4xxx_delay_ms
     fdc      fdc       36     2         ./ra/fsp/src/rm_zmod4xxx/rm_zmod4xxx_ra_driver.o:(.text.rm_zmod4xxx_irq_open)
     fdc      fdc        0     1                 $t
     fdd      fdd       36     1                 rm_zmod4xxx_irq_open
    1012     1012       2c     2         ./ra/fsp/src/rm_zmod4xxx/rm_zmod4xxx_ra_driver.o:(.text.rm_zmod4xxx_irq_callback)
    1012     1012        0     1                 $t
    1013     1013       2c     1                 rm_zmod4xxx_irq_callback
    103e     103e       10     2         ./ra/fsp/src/rm_zmod4xxx/rm_zmod4xxx_ra_driver.o:(.text.rm_zmod4xxx_irq_close)
    103e     103e        0     1                 $t
    103f     103f       10     1                 rm_zmod4xxx_irq_close
    104e     104e       2e     2         ./ra/fsp/src/rm_hs300x/rm_hs300x.o:(.text.RM_HS300X_Open)
    104e     104e        0     1                 $t
    104f     104f       2e     1                 RM_HS300X_Open
    107c     107c       16     2         ./ra/fsp/src/rm_hs300x/rm_hs300x.o:(.text.RM_HS300X_MeasurementStart)
    107c     107c        0     1                 $t
    107d     107d       16     1                 RM_HS300X_MeasurementStart
    1092     1092        c     2         ./ra/fsp/src/rm_hs300x/rm_hs300x.o:(.text.RM_HS300X_Read)
    1092     1092        0     1                 $t
    1093     1093        c     1                 RM_HS300X_Read
    109e     109e       88     2         ./ra/fsp/src/rm_hs300x/rm_hs300x.o:(.text.RM_HS300X_DataCalculate)
    109e     109e        0     1                 $t
    109f     109f       88     1                 RM_HS300X_DataCalculate
    1126     1126        4     2         ./ra/fsp/src/rm_hs300x/rm_hs300x.o:(.text.RM_HS300X_ProgrammingModeEnter)
    1126     1126        0     1                 $t
    1127     1127        4     1                 RM_HS300X_ProgrammingModeEnter
    112a     112a        4     2         ./ra/fsp/src/rm_hs300x/rm_hs300x.o:(.text.RM_HS300X_ResolutionChange)
    112a     112a        0     1                 $t
    112b     112b        4     1                 RM_HS300X_ResolutionChange
    112e     112e        4     2         ./ra/fsp/src/rm_hs300x/rm_hs300x.o:(.text.RM_HS300X_SensorIdGet)
    112e     112e        0     1                 $t
    112f     112f        4     1                 RM_HS300X_SensorIdGet
    1132     1132        4     2         ./ra/fsp/src/rm_hs300x/rm_hs300x.o:(.text.RM_HS300X_ProgrammingModeExit)
    1132     1132        0     1                 $t
    1133     1133        4     1                 RM_HS300X_ProgrammingModeExit
    1136     1136       16     2         ./ra/fsp/src/rm_hs300x/rm_hs300x.o:(.text.RM_HS300X_Close)
    1136     1136        0     1                 $t
    1137     1137       16     1                 RM_HS300X_Close
    114c     114c       30     2         ./ra/fsp/src/rm_hs300x/rm_hs300x.o:(.text.rm_hs300x_callback)
    114c     114c        0     1                 $t
    114d     114d       30     1                 rm_hs300x_callback
    117c     117c       18     4         ./ra/fsp/src/rm_freertos_port/port.o:(.text.SVC_Handler)
    117c     117c        0     1                 $t
    117d     117d       12     1                 SVC_Handler
    1190     1190        0     1                 $d
    1194     1194       44     4         ./ra/fsp/src/rm_freertos_port/port.o:(.text.PendSV_Handler)
    1194     1194        0     1                 $t
    1195     1195       40     1                 PendSV_Handler
    11d4     11d4        0     1                 $d
    11d8     11d8       24     4         ./ra/fsp/src/rm_freertos_port/port.o:(.text.rm_freertos_port_restore_task_stackless)
    11d8     11d8        0     1                 $t
    11d9     11d9       20     1                 rm_freertos_port_restore_task_stackless
    11f2     11f2        0     1                 _skip_restore_ns_context
    11f8     11f8        0     1                 $d
    11fc     11fc       26     2         ./ra/fsp/src/rm_freertos_port/port.o:(.text.SysTick_Handler)
    11fc     11fc        0     1                 $t
    11fd     11fd       26     1                 SysTick_Handler
    1222     1222       36     2         ./ra/fsp/src/rm_freertos_port/port.o:(.text.vPortSVCHandler_C)
    1222     1222        0     1                 $t
    1223     1223       36     1                 vPortSVCHandler_C
    1258     1258       28     2         ./ra/fsp/src/rm_freertos_port/port.o:(.text.pxPortInitialiseStack)
    1258     1258        0     1                 $t
    1259     1259       28     1                 pxPortInitialiseStack
    1280     1280        6     4         ./ra/fsp/src/rm_freertos_port/port.o:(.text.prvTaskExitError)
    1280     1280        0     1                 $t
    1281     1281        6     1                 prvTaskExitError
    1288     1288       3c     4         ./ra/fsp/src/rm_freertos_port/port.o:(.text.xPortStartScheduler)
    1288     1288        0     1                 $t
    1289     1289       3c     1                 xPortStartScheduler
    12c4     12c4       46     2         ./ra/fsp/src/rm_freertos_port/port.o:(.text.vPortSetupTimerInterrupt)
    12c4     12c4        0     1                 $t
    12c5     12c5       46     1                 vPortSetupTimerInterrupt
    130a     130a       56     2         ./ra/fsp/src/rm_freertos_port/port.o:(.text.vPortEnterCritical)
    130a     130a        0     1                 $t
    130b     130b       56     1                 vPortEnterCritical
    1360     1360       46     2         ./ra/fsp/src/rm_freertos_port/port.o:(.text.vPortExitCritical)
    1360     1360        0     1                 $t
    1361     1361       46     1                 vPortExitCritical
    13a6     13a6       6e     2         ./ra/fsp/src/rm_freertos_port/port.o:(.text.rm_freertos_port_sleep_preserving_lpm)
    13a6     13a6        0     1                 $t
    13a7     13a7       6e     1                 rm_freertos_port_sleep_preserving_lpm
    1414     1414       18     2         ./ra/fsp/src/rm_freertos_port/port.o:(.text.vApplicationIdleHook)
    1414     1414        0     1                 $t
    1415     1415       18     1                 vApplicationIdleHook
    142c     142c       6c     2         ./ra/fsp/src/rm_freertos_port/port.o:(.text.vPortValidateInterruptPriority)
    142c     142c        0     1                 $t
    142d     142d       6c     1                 vPortValidateInterruptPriority
    1498     1498       24     2         ./ra/fsp/src/rm_comms_i2c/rm_comms_i2c.o:(.text.RM_COMMS_I2C_Open)
    1498     1498        0     1                 $t
    1499     1499       24     1                 RM_COMMS_I2C_Open
    14bc     14bc        e     2         ./ra/fsp/src/rm_comms_i2c/rm_comms_i2c.o:(.text.RM_COMMS_I2C_Close)
    14bc     14bc        0     1                 $t
    14bd     14bd        e     1                 RM_COMMS_I2C_Close
    14ca     14ca        4     2         ./ra/fsp/src/rm_comms_i2c/rm_comms_i2c.o:(.text.RM_COMMS_I2C_Read)
    14ca     14ca        0     1                 $t
    14cb     14cb        4     1                 RM_COMMS_I2C_Read
    14ce     14ce        4     2         ./ra/fsp/src/rm_comms_i2c/rm_comms_i2c.o:(.text.RM_COMMS_I2C_Write)
    14ce     14ce        0     1                 $t
    14cf     14cf        4     1                 RM_COMMS_I2C_Write
    14d2     14d2        4     2         ./ra/fsp/src/rm_comms_i2c/rm_comms_i2c.o:(.text.RM_COMMS_I2C_WriteRead)
    14d2     14d2        0     1                 $t
    14d3     14d3        4     1                 RM_COMMS_I2C_WriteRead
    14d6     14d6       82     2         ./ra/fsp/src/rm_comms_i2c/rm_comms_i2c_driver_ra.o:(.text.rm_comms_i2c_bus_read)
    14d6     14d6        0     1                 $t
    14d7     14d7       82     1                 rm_comms_i2c_bus_read
    1558     1558       58     2         ./ra/fsp/src/rm_comms_i2c/rm_comms_i2c_driver_ra.o:(.text.rm_comms_i2c_bus_reconfigure)
    1558     1558        0     1                 $t
    1559     1559       58     1                 rm_comms_i2c_bus_reconfigure
    15b0     15b0       84     2         ./ra/fsp/src/rm_comms_i2c/rm_comms_i2c_driver_ra.o:(.text.rm_comms_i2c_bus_write)
    15b0     15b0        0     1                 $t
    15b1     15b1       84     1                 rm_comms_i2c_bus_write
    1634     1634       80     2         ./ra/fsp/src/rm_comms_i2c/rm_comms_i2c_driver_ra.o:(.text.rm_comms_i2c_bus_write_read)
    1634     1634        0     1                 $t
    1635     1635       80     1                 rm_comms_i2c_bus_write_read
    16b4     16b4       50     2         ./ra/fsp/src/rm_comms_i2c/rm_comms_i2c_driver_ra.o:(.text.rm_comms_i2c_callback)
    16b4     16b4        0     1                 $t
    16b5     16b5       50     1                 rm_comms_i2c_callback
    1704     1704       24     2         ./ra/fsp/src/rm_comms_i2c/rm_comms_i2c_driver_ra.o:(.text.rm_comms_i2c_process_in_callback)
    1704     1704        0     1                 $t
    1705     1705       24     1                 rm_comms_i2c_process_in_callback
    1728     1728      344     2         ./ra/fsp/src/r_sci_uart/r_sci_uart.o:(.text.R_SCI_UART_Open)
    1728     1728        0     1                 $t
    1729     1729      344     1                 R_SCI_UART_Open
    1a6c     1a6c       4c     2         ./ra/fsp/src/r_sci_uart/r_sci_uart.o:(.text.R_SCI_UART_Write)
    1a6c     1a6c        0     1                 $t
    1a6d     1a6d       4c     1                 R_SCI_UART_Write
    1ab8     1ab8       86     2         ./ra/fsp/src/r_sci_uart/r_sci_uart.o:(.text.sci_uart_txi_isr)
    1ab8     1ab8        0     1                 $t
    1ab9     1ab9       86     1                 sci_uart_txi_isr
    1b3e     1b3e       4a     2         ./ra/fsp/src/r_sci_uart/r_sci_uart.o:(.text.r_sci_uart_call_callback)
    1b3e     1b3e        0     1                 $t
    1b3f     1b3f       4a     1                 r_sci_uart_call_callback
    1b88     1b88       88     2         ./ra/fsp/src/r_sci_uart/r_sci_uart.o:(.text.sci_uart_rxi_isr)
    1b88     1b88        0     1                 $t
    1b89     1b89       88     1                 sci_uart_rxi_isr
    1c10     1c10       4c     2         ./ra/fsp/src/r_sci_uart/r_sci_uart.o:(.text.sci_uart_tei_isr)
    1c10     1c10        0     1                 $t
    1c11     1c11       4c     1                 sci_uart_tei_isr
    1c5c     1c5c       74     2         ./ra/fsp/src/r_sci_uart/r_sci_uart.o:(.text.sci_uart_eri_isr)
    1c5c     1c5c        0     1                 $t
    1c5d     1c5d       74     1                 sci_uart_eri_isr
    1cd0     1cd0       70     2         ./ra/fsp/src/r_rtc/r_rtc.o:(.text.R_RTC_Open)
    1cd0     1cd0        0     1                 $t
    1cd1     1cd1       70     1                 R_RTC_Open
    1d40     1d40       d4     4         ./ra/fsp/src/r_rtc/r_rtc.o:(.text.R_RTC_CalendarTimeSet)
    1d40     1d40        0     1                 $t
    1d41     1d41       d4     1                 R_RTC_CalendarTimeSet
    1e14     1e14      152     4         ./ra/fsp/src/r_rtc/r_rtc.o:(.text.R_RTC_CalendarTimeGet)
    1e14     1e14        0     1                 $t
    1e15     1e15      152     1                 R_RTC_CalendarTimeGet
    1f68     1f68       96     4         ./ra/fsp/src/r_rtc/r_rtc.o:(.text.r_rtc_set_clock_source)
    1f68     1f68        0     1                 $t
    1f69     1f69       96     1                 r_rtc_set_clock_source
    2000     2000       84     4         ./ra/fsp/src/r_rtc/r_rtc.o:(.text.r_rtc_error_adjustment_set)
    2000     2000        0     1                 $t
    2001     2001       84     1                 r_rtc_error_adjustment_set
    2084     2084       30     2         ./ra/fsp/src/r_rtc/r_rtc.o:(.text.rtc_carry_isr)
    2084     2084        0     1                 $t
    2085     2085       30     1                 rtc_carry_isr
    20b4     20b4       16     2         ./ra/fsp/src/r_ioport/r_ioport.o:(.text.R_IOPORT_Open)
    20b4     20b4        0     1                 $t
    20b5     20b5       16     1                 R_IOPORT_Open
    20ca     20ca       2a     2         ./ra/fsp/src/r_ioport/r_ioport.o:(.text.R_IOPORT_PinWrite)
    20ca     20ca        0     1                 $t
    20cb     20cb       2a     1                 R_IOPORT_PinWrite
    20f4     20f4       be     4         ./ra/fsp/src/r_ioport/r_ioport.o:(.text.r_ioport_pins_config)
    20f4     20f4        0     1                 $t
    20f5     20f5       be     1                 r_ioport_pins_config
    21b4     21b4       ce     4         ./ra/fsp/src/r_ioport/r_ioport.o:(.text.bsp_vbatt_init)
    21b4     21b4        0     1                 $t
    21b5     21b5       ce     1                 bsp_vbatt_init
    2282     2282       80     2         ./ra/fsp/src/r_iic_master/r_iic_master.o:(.text.R_IIC_MASTER_Open)
    2282     2282        0     1                 $t
    2283     2283       80     1                 R_IIC_MASTER_Open
    2302     2302        c     2         ./ra/fsp/src/r_iic_master/r_iic_master.o:(.text.R_IIC_MASTER_Read)
    2302     2302        0     1                 $t
    2303     2303        c     1                 R_IIC_MASTER_Read
    230e     230e        c     2         ./ra/fsp/src/r_iic_master/r_iic_master.o:(.text.R_IIC_MASTER_Write)
    230e     230e        0     1                 $t
    230f     230f        c     1                 R_IIC_MASTER_Write
    231a     231a       32     2         ./ra/fsp/src/r_iic_master/r_iic_master.o:(.text.R_IIC_MASTER_Abort)
    231a     231a        0     1                 $t
    231b     231b       32     1                 R_IIC_MASTER_Abort
    234c     234c        a     2         ./ra/fsp/src/r_iic_master/r_iic_master.o:(.text.R_IIC_MASTER_SlaveAddressSet)
    234c     234c        0     1                 $t
    234d     234d        a     1                 R_IIC_MASTER_SlaveAddressSet
    2356     2356        e     2         ./ra/fsp/src/r_iic_master/r_iic_master.o:(.text.R_IIC_MASTER_CallbackSet)
    2356     2356        0     1                 $t
    2357     2357        e     1                 R_IIC_MASTER_CallbackSet
    2364     2364       18     2         ./ra/fsp/src/r_iic_master/r_iic_master.o:(.text.R_IIC_MASTER_StatusGet)
    2364     2364        0     1                 $t
    2365     2365       18     1                 R_IIC_MASTER_StatusGet
    237c     237c       d8     2         ./ra/fsp/src/r_iic_master/r_iic_master.o:(.text.R_IIC_MASTER_Close)
    237c     237c        0     1                 $t
    237d     237d       d8     1                 R_IIC_MASTER_Close
    2454     2454      184     4         ./ra/fsp/src/r_iic_master/r_iic_master.o:(.text.iic_master_open_hw_master)
    2454     2454        0     1                 $t
    2455     2455      184     1                 iic_master_open_hw_master
    25d8     25d8      150     4         ./ra/fsp/src/r_iic_master/r_iic_master.o:(.text.iic_master_read_write)
    25d8     25d8        0     1                 $t
    25d9     25d9      150     1                 iic_master_read_write
    2728     2728      18a     2         ./ra/fsp/src/r_iic_master/r_iic_master.o:(.text.iic_master_rxi_isr)
    2728     2728        0     1                 $t
    2729     2729      18a     1                 iic_master_rxi_isr
    28b4     28b4      116     4         ./ra/fsp/src/r_iic_master/r_iic_master.o:(.text.iic_master_txi_isr)
    28b4     28b4        0     1                 $t
    28b5     28b5      116     1                 iic_master_txi_isr
    29cc     29cc       e4     4         ./ra/fsp/src/r_iic_master/r_iic_master.o:(.text.iic_master_tei_isr)
    29cc     29cc        0     1                 $t
    29cd     29cd       e4     1                 iic_master_tei_isr
    2ab0     2ab0      13c     2         ./ra/fsp/src/r_iic_master/r_iic_master.o:(.text.iic_master_eri_isr)
    2ab0     2ab0        0     1                 $t
    2ab1     2ab1      13c     1                 iic_master_eri_isr
    2bec     2bec       36     2         ./ra/fsp/src/r_iic_master/r_iic_master.o:(.text.iic_master_notify)
    2bec     2bec        0     1                 $t
    2bed     2bed       36     1                 iic_master_notify
    2c22     2c22       80     2         ./ra/fsp/src/r_icu/r_icu.o:(.text.R_ICU_ExternalIrqOpen)
    2c22     2c22        0     1                 $t
    2c23     2c23       80     1                 R_ICU_ExternalIrqOpen
    2ca2     2ca2       44     2         ./ra/fsp/src/r_icu/r_icu.o:(.text.R_ICU_ExternalIrqEnable)
    2ca2     2ca2        0     1                 $t
    2ca3     2ca3       44     1                 R_ICU_ExternalIrqEnable
    2ce6     2ce6       28     2         ./ra/fsp/src/r_icu/r_icu.o:(.text.R_ICU_ExternalIrqDisable)
    2ce6     2ce6        0     1                 $t
    2ce7     2ce7       28     1                 R_ICU_ExternalIrqDisable
    2d0e     2d0e        a     2         ./ra/fsp/src/r_icu/r_icu.o:(.text.R_ICU_ExternalIrqCallbackSet)
    2d0e     2d0e        0     1                 $t
    2d0f     2d0f        a     1                 R_ICU_ExternalIrqCallbackSet
    2d18     2d18       44     2         ./ra/fsp/src/r_icu/r_icu.o:(.text.R_ICU_ExternalIrqClose)
    2d18     2d18        0     1                 $t
    2d19     2d19       44     1                 R_ICU_ExternalIrqClose
    2d5c     2d5c       74     2         ./ra/fsp/src/r_icu/r_icu.o:(.text.r_icu_isr)
    2d5c     2d5c        0     1                 $t
    2d5d     2d5d       74     1                 r_icu_isr
    2dd0     2dd0       2c     2         ./ra/fsp/src/bsp/mcu/all/bsp_clocks.o:(.text.SystemCoreClockUpdate)
    2dd0     2dd0        0     1                 $t
    2dd1     2dd1       2c     1                 SystemCoreClockUpdate
    2dfc     2dfc       f2     4         ./ra/fsp/src/bsp/mcu/all/bsp_clocks.o:(.text.bsp_clock_init)
    2dfc     2dfc        0     1                 $t
    2dfd     2dfd       f2     1                 bsp_clock_init
    2eee     2eee       28     2         ./ra/fsp/src/bsp/mcu/all/bsp_clocks.o:(.text.R_BSP_Init_RTC)
    2eee     2eee        0     1                 $t
    2eef     2eef       28     1                 R_BSP_Init_RTC
    2f18     2f18        6     4         ./ra/fsp/src/bsp/mcu/all/bsp_common.o:(.text.__assert_func)
    2f18     2f18        0     1                 $t
    2f19     2f19        6     1                 __assert_func
    2f1e     2f1e       84     2         ./ra/fsp/src/bsp/mcu/all/bsp_delay.o:(.text.R_BSP_SoftwareDelay)
    2f1e     2f1e        0     1                 $t
    2f1f     2f1f       84     1                 R_BSP_SoftwareDelay
    2fa2     2fa2        8     2         ./ra/fsp/src/bsp/mcu/all/bsp_delay.o:(.text.bsp_prv_software_delay_loop)
    2fa2     2fa2        0     1                 sw_delay_loop
    2fa2     2fa2        0     1                 $t
    2fa3     2fa3        8     1                 bsp_prv_software_delay_loop
    2fac     2fac       44     4         ./ra/fsp/src/bsp/mcu/all/bsp_group_irq.o:(.text.NMI_Handler)
    2fac     2fac        0     1                 $t
    2fad     2fad       44     1                 NMI_Handler
    2ff0     2ff0       88     4         ./ra/fsp/src/bsp/mcu/all/bsp_irq.o:(.text.bsp_irq_cfg)
    2ff0     2ff0        0     1                 $t
    2ff1     2ff1       88     1                 bsp_irq_cfg
    3078     3078       52     2         ./ra/fsp/src/bsp/mcu/all/bsp_register_protection.o:(.text.R_BSP_RegisterProtectEnable)
    3078     3078        0     1                 $t
    3079     3079       52     1                 R_BSP_RegisterProtectEnable
    30ca     30ca       4e     2         ./ra/fsp/src/bsp/mcu/all/bsp_register_protection.o:(.text.R_BSP_RegisterProtectDisable)
    30ca     30ca        0     1                 $t
    30cb     30cb       4e     1                 R_BSP_RegisterProtectDisable
    3118     3118        a     4         ./ra/fsp/src/bsp/cmsis/Device/RENESAS/Source/startup.o:(.text.Reset_Handler)
    3118     3118        0     1                 $t
    3119     3119        a     1                 Reset_Handler
    3122     3122        4     2         ./ra/fsp/src/bsp/cmsis/Device/RENESAS/Source/startup.o:(.text.Default_Handler)
    3122     3122        0     1                 $t
    3123     3123        4     1                 Default_Handler
    3123     3123        4     1                 HardFault_Handler
    3123     3123        4     1                 MemManage_Handler
    3123     3123        4     1                 BusFault_Handler
    3123     3123        4     1                 UsageFault_Handler
    3123     3123        4     1                 SecureFault_Handler
    3123     3123        4     1                 DebugMon_Handler
    3128     3128       e0     4         ./ra/fsp/src/bsp/cmsis/Device/RENESAS/Source/system.o:(.text.SystemInit)
    3128     3128        0     1                 $t
    3129     3129       e0     1                 SystemInit
    3208     3208       5a     4         ./ra/fsp/src/bsp/cmsis/Device/RENESAS/Source/system.o:(.text.SystemRuntimeInit)
    3208     3208        0     1                 $t
    3209     3209       5a     1                 SystemRuntimeInit
    3262     3262        2     2         ./ra/board/ra6m5_ck/board_init.o:(.text.bsp_init)
    3262     3262        0     1                 $t
    3263     3263        2     1                 bsp_init
    3264     3264       16     2         ./ra/aws/FreeRTOS/FreeRTOS/Source/list.o:(.text.vListInitialise)
    3264     3264        0     1                 $t
    3265     3265       16     1                 vListInitialise
    327a     327a        6     2         ./ra/aws/FreeRTOS/FreeRTOS/Source/list.o:(.text.vListInitialiseItem)
    327a     327a        0     1                 $t
    327b     327b        6     1                 vListInitialiseItem
    3280     3280       3a     4         ./ra/aws/FreeRTOS/FreeRTOS/Source/list.o:(.text.vListInsert)
    3280     3280        0     1                 $t
    3281     3281       3a     1                 vListInsert
    32ba     32ba       22     2         ./ra/aws/FreeRTOS/FreeRTOS/Source/list.o:(.text.uxListRemove)
    32ba     32ba        0     1                 $t
    32bb     32bb       22     1                 uxListRemove
    32dc     32dc       be     2         ./ra/aws/FreeRTOS/FreeRTOS/Source/queue.o:(.text.xQueueGenericReset)
    32dc     32dc        0     1                 $t
    32dd     32dd       be     1                 xQueueGenericReset
    339a     339a       98     2         ./ra/aws/FreeRTOS/FreeRTOS/Source/queue.o:(.text.xQueueGenericCreateStatic)
    339a     339a        0     1                 $t
    339b     339b       98     1                 xQueueGenericCreateStatic
    3432     3432       2c     2         ./ra/aws/FreeRTOS/FreeRTOS/Source/queue.o:(.text.xQueueCreateMutexStatic)
    3432     3432        0     1                 $t
    3433     3433       2c     1                 xQueueCreateMutexStatic
    345e     345e       4c     2         ./ra/aws/FreeRTOS/FreeRTOS/Source/queue.o:(.text.xQueueGiveMutexRecursive)
    345e     345e        0     1                 $t
    345f     345f       4c     1                 xQueueGiveMutexRecursive
    34ac     34ac      1c8     4         ./ra/aws/FreeRTOS/FreeRTOS/Source/queue.o:(.text.xQueueGenericSend)
    34ac     34ac        0     1                 $t
    34ad     34ad      1c8     1                 xQueueGenericSend
    3674     3674       4a     2         ./ra/aws/FreeRTOS/FreeRTOS/Source/queue.o:(.text.xQueueTakeMutexRecursive)
    3674     3674        0     1                 $t
    3675     3675       4a     1                 xQueueTakeMutexRecursive
    36c0     36c0      1d2     4         ./ra/aws/FreeRTOS/FreeRTOS/Source/queue.o:(.text.xQueueSemaphoreTake)
    36c0     36c0        0     1                 $t
    36c1     36c1      1d2     1                 xQueueSemaphoreTake
    3892     3892       40     2         ./ra/aws/FreeRTOS/FreeRTOS/Source/queue.o:(.text.xQueueCreateCountingSemaphoreStatic)
    3892     3892        0     1                 $t
    3893     3893       40     1                 xQueueCreateCountingSemaphoreStatic
    38d2     38d2       78     2         ./ra/aws/FreeRTOS/FreeRTOS/Source/queue.o:(.text.prvCopyDataToQueue)
    38d2     38d2        0     1                 $t
    38d3     38d3       78     1                 prvCopyDataToQueue
    394c     394c       72     4         ./ra/aws/FreeRTOS/FreeRTOS/Source/queue.o:(.text.prvUnlockQueue)
    394c     394c        0     1                 $t
    394d     394d       72     1                 prvUnlockQueue
    39be     39be      104     2         ./ra/aws/FreeRTOS/FreeRTOS/Source/queue.o:(.text.xQueueGiveFromISR)
    39be     39be        0     1                 $t
    39bf     39bf      104     1                 xQueueGiveFromISR
    3ac4     3ac4      1b2     4         ./ra/aws/FreeRTOS/FreeRTOS/Source/queue.o:(.text.xQueueReceive)
    3ac4     3ac4        0     1                 $t
    3ac5     3ac5      1b2     1                 xQueueReceive
    3c78     3c78       66     4         ./ra/aws/FreeRTOS/FreeRTOS/Source/queue.o:(.text.vQueueAddToRegistry)
    3c78     3c78        0     1                 $t
    3c79     3c79       66     1                 vQueueAddToRegistry
    3cde     3cde       46     2         ./ra/aws/FreeRTOS/FreeRTOS/Source/queue.o:(.text.vQueueWaitForMessageRestricted)
    3cde     3cde        0     1                 $t
    3cdf     3cdf       46     1                 vQueueWaitForMessageRestricted
    3d24     3d24      24a     4         ./ra/aws/FreeRTOS/FreeRTOS/Source/tasks.o:(.text.xTaskCreateStatic)
    3d24     3d24        0     1                 $t
    3d25     3d25      24a     1                 xTaskCreateStatic
    3f6e     3f6e       10     2         ./ra/aws/FreeRTOS/FreeRTOS/Source/tasks.o:(.text.vTaskSuspendAll)
    3f6e     3f6e        0     1                 $t
    3f6f     3f6f       10     1                 vTaskSuspendAll
    3f7e     3f7e       a4     2         ./ra/aws/FreeRTOS/FreeRTOS/Source/tasks.o:(.text.prvAddCurrentTaskToDelayedList)
    3f7e     3f7e        0     1                 $t
    3f7f     3f7f       a4     1                 prvAddCurrentTaskToDelayedList
    4024     4024      190     4         ./ra/aws/FreeRTOS/FreeRTOS/Source/tasks.o:(.text.xTaskResumeAll)
    4024     4024        0     1                 $t
    4025     4025      190     1                 xTaskResumeAll
    41b4     41b4       5e     2         ./ra/aws/FreeRTOS/FreeRTOS/Source/tasks.o:(.text.vTaskDelay)
    41b4     41b4        0     1                 $t
    41b5     41b5       5e     1                 vTaskDelay
    4214     4214       9e     4         ./ra/aws/FreeRTOS/FreeRTOS/Source/tasks.o:(.text.vTaskSwitchContext)
    4214     4214        0     1                 $t
    4215     4215       9e     1                 vTaskSwitchContext
    42b2     42b2       b2     2         ./ra/aws/FreeRTOS/FreeRTOS/Source/tasks.o:(.text.vTaskStartScheduler)
    42b2     42b2        0     1                 $t
    42b3     42b3       b2     1                 vTaskStartScheduler
    4364     4364       46     4         ./ra/aws/FreeRTOS/FreeRTOS/Source/tasks.o:(.text.prvCheckTasksWaitingTermination)
    4364     4364        0     1                 $t
    4365     4365       46     1                 prvCheckTasksWaitingTermination
    43ac     43ac      1ac     4         ./ra/aws/FreeRTOS/FreeRTOS/Source/tasks.o:(.text.xTaskIncrementTick)
    43ac     43ac        0     1                 $t
    43ad     43ad      1ac     1                 xTaskIncrementTick
    4558     4558        c     2         ./ra/aws/FreeRTOS/FreeRTOS/Source/tasks.o:(.text.xTaskGetTickCount)
    4558     4558        0     1                 $t
    4559     4559        c     1                 xTaskGetTickCount
    4564     4564        c     2         ./ra/aws/FreeRTOS/FreeRTOS/Source/tasks.o:(.text.uxTaskGetNumberOfTasks)
    4564     4564        0     1                 $t
    4565     4565        c     1                 uxTaskGetNumberOfTasks
    4570     4570       42     2         ./ra/aws/FreeRTOS/FreeRTOS/Source/tasks.o:(.text.vTaskPlaceOnEventList)
    4570     4570        0     1                 $t
    4571     4571       42     1                 vTaskPlaceOnEventList
    45b2     45b2       7a     2         ./ra/aws/FreeRTOS/FreeRTOS/Source/tasks.o:(.text.vTaskPlaceOnEventListRestricted)
    45b2     45b2        0     1                 $t
    45b3     45b3       7a     1                 vTaskPlaceOnEventListRestricted
    462c     462c      10c     2         ./ra/aws/FreeRTOS/FreeRTOS/Source/tasks.o:(.text.xTaskRemoveFromEventList)
    462c     462c        0     1                 $t
    462d     462d      10c     1                 xTaskRemoveFromEventList
    4738     4738       1a     2         ./ra/aws/FreeRTOS/FreeRTOS/Source/tasks.o:(.text.vTaskInternalSetTimeOutState)
    4738     4738        0     1                 $t
    4739     4739       1a     1                 vTaskInternalSetTimeOutState
    4752     4752       a0     2         ./ra/aws/FreeRTOS/FreeRTOS/Source/tasks.o:(.text.xTaskCheckForTimeOut)
    4752     4752        0     1                 $t
    4753     4753       a0     1                 xTaskCheckForTimeOut
    47f2     47f2        e     2         ./ra/aws/FreeRTOS/FreeRTOS/Source/tasks.o:(.text.vTaskMissedYield)
    47f2     47f2        0     1                 $t
    47f3     47f3        e     1                 vTaskMissedYield
    4800     4800        c     2         ./ra/aws/FreeRTOS/FreeRTOS/Source/tasks.o:(.text.xTaskGetCurrentTaskHandle)
    4800     4800        0     1                 $t
    4801     4801        c     1                 xTaskGetCurrentTaskHandle
    480c     480c       26     2         ./ra/aws/FreeRTOS/FreeRTOS/Source/tasks.o:(.text.xTaskGetSchedulerState)
    480c     480c        0     1                 $t
    480d     480d       26     1                 xTaskGetSchedulerState
    4832     4832       ac     2         ./ra/aws/FreeRTOS/FreeRTOS/Source/tasks.o:(.text.xTaskPriorityInherit)
    4832     4832        0     1                 $t
    4833     4833       ac     1                 xTaskPriorityInherit
    48de     48de       cc     2         ./ra/aws/FreeRTOS/FreeRTOS/Source/tasks.o:(.text.xTaskPriorityDisinherit)
    48de     48de        0     1                 $t
    48df     48df       cc     1                 xTaskPriorityDisinherit
    49aa     49aa       d8     2         ./ra/aws/FreeRTOS/FreeRTOS/Source/tasks.o:(.text.vTaskPriorityDisinheritAfterTimeout)
    49aa     49aa        0     1                 $t
    49ab     49ab       d8     1                 vTaskPriorityDisinheritAfterTimeout
    4a82     4a82       14     2         ./ra/aws/FreeRTOS/FreeRTOS/Source/tasks.o:(.text.pvTaskIncrementMutexHeldCount)
    4a82     4a82        0     1                 $t
    4a83     4a83       14     1                 pvTaskIncrementMutexHeldCount
    4a98     4a98       2e     4         ./ra/aws/FreeRTOS/FreeRTOS/Source/tasks.o:(.text.prvIdleTask)
    4a98     4a98        0     1                 $t
    4a99     4a99       2e     1                 prvIdleTask
    4ac6     4ac6       7e     2         ./ra/aws/FreeRTOS/FreeRTOS/Source/timers.o:(.text.xTimerCreateTimerTask)
    4ac6     4ac6        0     1                 $t
    4ac7     4ac7       7e     1                 xTimerCreateTimerTask
    4b44     4b44       7a     2         ./ra/aws/FreeRTOS/FreeRTOS/Source/timers.o:(.text.prvCheckForValidListAndQueue)
    4b44     4b44        0     1                 $t
    4b45     4b45       7a     1                 prvCheckForValidListAndQueue
    4bc0     4bc0      180     4         ./ra/aws/FreeRTOS/FreeRTOS/Source/timers.o:(.text.prvTimerTask)
    4bc0     4bc0        0     1                 $t
    4bc1     4bc1      180     1                 prvTimerTask
    4ca2     4ca2        0     1                 $d
    4cac     4cac        0     1                 $t
    4d40     4d40       56     4         ./ra/aws/FreeRTOS/FreeRTOS/Source/timers.o:(.text.prvSampleTimeNow)
    4d40     4d40        0     1                 $t
    4d41     4d41       56     1                 prvSampleTimeNow
    4d96     4d96       40     2         ./ra/aws/FreeRTOS/FreeRTOS/Source/timers.o:(.text.prvProcessExpiredTimer)
    4d96     4d96        0     1                 $t
    4d97     4d97       40     1                 prvProcessExpiredTimer
    4dd8     4dd8       2e     4         ./ra/aws/FreeRTOS/FreeRTOS/Source/timers.o:(.text.prvReloadTimer)
    4dd8     4dd8        0     1                 $t
    4dd9     4dd9       2e     1                 prvReloadTimer
    4e06     4e06       40     2         ./ra/aws/FreeRTOS/FreeRTOS/Source/timers.o:(.text.prvInsertTimerInActiveList)
    4e06     4e06        0     1                 $t
    4e07     4e07       40     1                 prvInsertTimerInActiveList
    4e48     4e48      78c     8         C:\Users\admin\e2_studio\workspace\rtos2\ra\fsp\lib\rm_zmod4xxx\cm33_llvm\lib_iaq_2nd_gen.a(iaq_2nd_gen.o):(.text.calc_iaq_2nd_gen_internal)
    4e48     4e48        0     1                 $t
    4e49     4e49      78c     1                 calc_iaq_2nd_gen_internal
    50ac     50ac        0     1                 $d
    50e0     50e0        0     1                 $t
    5550     5550        0     1                 $d
    55d4     55d4       9c     4         C:\Users\admin\e2_studio\workspace\rtos2\ra\fsp\lib\rm_zmod4xxx\cm33_llvm\lib_iaq_2nd_gen.a(iaq_2nd_gen.o):(.text.calc_tvoc2iaq)
    55d4     55d4        0     1                 $t
    55d5     55d5       9c     1                 calc_tvoc2iaq
    566c     566c        0     1                 $d
    5670     5670      224     8         C:\Users\admin\e2_studio\workspace\rtos2\ra\fsp\lib\rm_zmod4xxx\cm33_llvm\lib_iaq_2nd_gen.a(iaq_2nd_gen.o):(.text.calc_rel_iaq_internal)
    5670     5670        0     1                 $t
    5671     5671      224     1                 calc_rel_iaq_internal
    5870     5870        0     1                 $d
    5894     5894       54     2         C:\Users\admin\e2_studio\workspace\rtos2\ra\fsp\lib\rm_zmod4xxx\cm33_llvm\lib_iaq_2nd_gen.a(iaq_2nd_gen.o):(.text.init_iaq_2nd_gen)
    5894     5894        0     1                 $t
    5895     5895       54     1                 init_iaq_2nd_gen
    58e8     58e8      13c     4         C:\Users\admin\e2_studio\workspace\rtos2\ra\fsp\lib\rm_zmod4xxx\cm33_llvm\lib_iaq_2nd_gen.a(iaq_2nd_gen.o):(.text.calc_iaq_2nd_gen)
    58e8     58e8        0     1                 $t
    58e9     58e9      13c     1                 calc_iaq_2nd_gen
    5a08     5a08        0     1                 $d
    5a24     5a24       84     4         C:\Users\admin\e2_studio\workspace\rtos2\ra\fsp\lib\rm_zmod4xxx\cm33_llvm\lib_iaq_2nd_gen.a(iaq_2nd_gen.o):(.text.calc_rmox)
    5a24     5a24        0     1                 $t
    5a25     5a25       84     1                 calc_rmox
    5a9c     5a9c        0     1                 $d
    5aa8     5aa8       44     2         C:\Users\admin\e2_studio\workspace\rtos2\ra\fsp\lib\rm_zmod4xxx\cm33_llvm\lib_iaq_2nd_gen.a(iaq_2nd_gen_RH_nnet.o):(.text.calc_iaq_2nd_gen_RH_nnet)
    5aa8     5aa8        0     1                 $t
    5aa9     5aa9       44     1                 calc_iaq_2nd_gen_RH_nnet
    5aec     5aec       44     2         C:\Users\admin\e2_studio\workspace\rtos2\ra\fsp\lib\rm_zmod4xxx\cm33_llvm\lib_iaq_2nd_gen.a(iaq_2nd_gen_T_nnet.o):(.text.calc_iaq_2nd_gen_T_nnet)
    5aec     5aec        0     1                 $t
    5aed     5aed       44     1                 calc_iaq_2nd_gen_T_nnet
    5b30     5b30       44     2         C:\Users\admin\e2_studio\workspace\rtos2\ra\fsp\lib\rm_zmod4xxx\cm33_llvm\lib_iaq_2nd_gen.a(iaq_2nd_gen_V6_nnet.o):(.text.calc_iaq_2nd_gen_V6_nnet)
    5b30     5b30        0     1                 $t
    5b31     5b31       44     1                 calc_iaq_2nd_gen_V6_nnet
    5b74     5b74       62     2         C:\Users\admin\e2_studio\workspace\rtos2\ra\fsp\lib\rm_zmod4xxx\cm33_llvm\lib_iaq_2nd_gen.a(iaq_2nd_gen_nnet.o):(.text.calc_iaq_2nd_gen_nnet)
    5b74     5b74        0     1                 $t
    5b75     5b75       62     1                 calc_iaq_2nd_gen_nnet
    5bd8     5bd8       58     4         C:\Users\admin\e2_studio\workspace\rtos2\ra\fsp\lib\rm_zmod4xxx\cm33_llvm\lib_iaq_2nd_gen.a(nnet_funcs.o):(.text.nnet_funcs_safe_exp)
    5bd8     5bd8        0     1                 $t
    5bd9     5bd9       58     1                 nnet_funcs_safe_exp
    5c20     5c20        0     1                 $d
    5c30     5c30       3e     4         C:\Users\admin\e2_studio\workspace\rtos2\ra\fsp\lib\rm_zmod4xxx\cm33_llvm\lib_iaq_2nd_gen.a(nnet_funcs.o):(.text.nnet_funcs_tanh)
    5c30     5c30        0     1                 $t
    5c31     5c31       3e     1                 nnet_funcs_tanh
    5c70     5c70       20     4         C:\Users\admin\e2_studio\workspace\rtos2\ra\fsp\lib\rm_zmod4xxx\cm33_llvm\lib_iaq_2nd_gen.a(nnet_funcs.o):(.text.nnet_funcs_relu)
    5c70     5c70        0     1                 $t
    5c71     5c71       20     1                 nnet_funcs_relu
    5c8c     5c8c        0     1                 $d
    5c90     5c90       46     4         C:\Users\admin\e2_studio\workspace\rtos2\ra\fsp\lib\rm_zmod4xxx\cm33_llvm\lib_iaq_2nd_gen.a(nnet_funcs.o):(.text.nnet_funcs_dotbias)
    5c90     5c90        0     1                 $t
    5c91     5c91       46     1                 nnet_funcs_dotbias
    5cd6     5cd6       7c     2         C:\Renesas\e2_studio\toolchains\llvm_arm\ATfE-21.1.1-Windows-x86_64\bin\..\lib\clang-runtimes/arm-none-eabi/armv8m.main_hard_fp_exn_rtti_unaligned_size\lib\libclang_rt.builtins.a(extendsfdf2.c.obj):(.text.__extendsfdf2)
    5cd6     5cd6        0     1                 $t
    5cd7     5cd7       7c     1                 __extendsfdf2
[...]
                                                  C:\Renesas\e2_studio\toolchains\llvm_arm\ATfE-21.1.1-Windows-x86_64\bin\..\lib\clang-runtimes/arm-none-eabi/armv8m.main_hard_fp_exn_rtti_unaligned_size\lib\libc.a(libc_tinystdio_sscanf.c.o)
__file_str_get                                    C:\Renesas\e2_studio\toolchains\llvm_arm\ATfE-21.1.1-Windows-x86_64\bin\..\lib\clang-runtimes/arm-none-eabi/armv8m.main_hard_fp_exn_rtti_unaligned_size\lib\libc.a(libc_tinystdio_filestrget.c.o)
                                                  C:\Renesas\e2_studio\toolchains\llvm_arm\ATfE-21.1.1-Windows-x86_64\bin\..\lib\clang-runtimes/arm-none-eabi/armv8m.main_hard_fp_exn_rtti_unaligned_size\lib\libc.a(libc_tinystdio_sscanf.c.o)
__dtox_engine                                     C:\Renesas\e2_studio\toolchains\llvm_arm\ATfE-21.1.1-Windows-x86_64\bin\..\lib\clang-runtimes/arm-none-eabi/armv8m.main_hard_fp_exn_rtti_unaligned_size\lib\libc.a(libc_tinystdio_dtox_engine.c.o)
                                                  C:\Renesas\e2_studio\toolchains\llvm_arm\ATfE-21.1.1-Windows-x86_64\bin\..\lib\clang-runtimes/arm-none-eabi/armv8m.main_hard_fp_exn_rtti_unaligned_size\lib\libc.a(libc_tinystdio_vfprintf.c.o)
__dtoa_engine                                     C:\Renesas\e2_studio\toolchains\llvm_arm\ATfE-21.1.1-Windows-x86_64\bin\..\lib\clang-runtimes/arm-none-eabi/armv8m.main_hard_fp_exn_rtti_unaligned_size\lib\libc.a(libc_tinystdio_dtoa_ryu.c.o)
                                                  C:\Renesas\e2_studio\toolchains\llvm_arm\ATfE-21.1.1-Windows-x86_64\bin\..\lib\clang-runtimes/arm-none-eabi/armv8m.main_hard_fp_exn_rtti_unaligned_size\lib\libc.a(libc_tinystdio_vfprintf.c.o)
strnlen                                           C:\Renesas\e2_studio\toolchains\llvm_arm\ATfE-21.1.1-Windows-x86_64\bin\..\lib\clang-runtimes/arm-none-eabi/armv8m.main_hard_fp_exn_rtti_unaligned_size\lib\libc.a(libc_string_strnlen.c.o)
                                                  C:\Renesas\e2_studio\toolchains\llvm_arm\ATfE-21.1.1-Windows-x86_64\bin\..\lib\clang-runtimes/arm-none-eabi/armv8m.main_hard_fp_exn_rtti_unaligned_size\lib\libc.a(libc_tinystdio_vfprintf.c.o)
__d_vfprintf                                      C:\Renesas\e2_studio\toolchains\llvm_arm\ATfE-21.1.1-Windows-x86_64\bin\..\lib\clang-runtimes/arm-none-eabi/armv8m.main_hard_fp_exn_rtti_unaligned_size\lib\libc.a(libc_tinystdio_vfprintf.c.o)
memchr                                            C:\Renesas\e2_studio\toolchains\llvm_arm\ATfE-21.1.1-Windows-x86_64\bin\..\lib\clang-runtimes/arm-none-eabi/armv8m.main_hard_fp_exn_rtti_unaligned_size\lib\libc.a(memchr.c.o)
                                                  C:\Renesas\e2_studio\toolchains\llvm_arm\ATfE-21.1.1-Windows-x86_64\bin\..\lib\clang-runtimes/arm-none-eabi/armv8m.main_hard_fp_exn_rtti_unaligned_size\lib\libc.a(libc_tinystdio_vfscanf.c.o)
__isnand                                          C:\Renesas\e2_studio\toolchains\llvm_arm\ATfE-21.1.1-Windows-x86_64\bin\..\lib\clang-runtimes/arm-none-eabi/armv8m.main_hard_fp_exn_rtti_unaligned_size\lib\libc.a(libm_common_s_isnan.c.o)
                                                  C:\Renesas\e2_studio\toolchains\llvm_arm\ATfE-21.1.1-Windows-x86_64\bin\..\lib\clang-runtimes/arm-none-eabi/armv8m.main_hard_fp_exn_rtti_unaligned_size\lib\libc.a(libc_tinystdio_vfscanf.c.o)
                                                  C:\Renesas\e2_studio\toolchains\llvm_arm\ATfE-21.1.1-Windows-x86_64\bin\..\lib\clang-runtimes/arm-none-eabi/armv8m.main_hard_fp_exn_rtti_unaligned_size\lib\libc.a(libm_machine_arm_s_sqrt.c.o)
                                                  C:\Renesas\e2_studio\toolchains\llvm_arm\ATfE-21.1.1-Windows-x86_64\bin\..\lib\clang-runtimes/arm-none-eabi/armv8m.main_hard_fp_exn_rtti_unaligned_size\lib\libc.a(libm_common_math_err_invalid.c.o)
__atod_engine                                     C:\Renesas\e2_studio\toolchains\llvm_arm\ATfE-21.1.1-Windows-x86_64\bin\..\lib\clang-runtimes/arm-none-eabi/armv8m.main_hard_fp_exn_rtti_unaligned_size\lib\libc.a(libc_tinystdio_atod_ryu.c.o)
                                                  C:\Renesas\e2_studio\toolchains\llvm_arm\ATfE-21.1.1-Windows-x86_64\bin\..\lib\clang-runtimes/arm-none-eabi/armv8m.main_hard_fp_exn_rtti_unaligned_size\lib\libc.a(libc_tinystdio_vfscanf.c.o)
__atof_engine                                     C:\Renesas\e2_studio\toolchains\llvm_arm\ATfE-21.1.1-Windows-x86_64\bin\..\lib\clang-runtimes/arm-none-eabi/armv8m.main_hard_fp_exn_rtti_unaligned_size\lib\libc.a(libc_tinystdio_atof_ryu.c.o)
                                                  C:\Renesas\e2_studio\toolchains\llvm_arm\ATfE-21.1.1-Windows-x86_64\bin\..\lib\clang-runtimes/arm-none-eabi/armv8m.main_hard_fp_exn_rtti_unaligned_size\lib\libc.a(libc_tinystdio_vfscanf.c.o)
_ctype_b                                          C:\Renesas\e2_studio\toolchains\llvm_arm\ATfE-21.1.1-Windows-x86_64\bin\..\lib\clang-runtimes/arm-none-eabi/armv8m.main_hard_fp_exn_rtti_unaligned_size\lib\libc.a(libc_ctype_ctype_.c.o)
                                                  C:\Renesas\e2_studio\toolchains\llvm_arm\ATfE-21.1.1-Windows-x86_64\bin\..\lib\clang-runtimes/arm-none-eabi/armv8m.main_hard_fp_exn_rtti_unaligned_size\lib\libc.a(libc_tinystdio_vfscanf.c.o)
getc                                              C:\Renesas\e2_studio\toolchains\llvm_arm\ATfE-21.1.1-Windows-x86_64\bin\..\lib\clang-runtimes/arm-none-eabi/armv8m.main_hard_fp_exn_rtti_unaligned_size\lib\libc.a(libc_tinystdio_fgetc.c.o)
                                                  C:\Renesas\e2_studio\toolchains\llvm_arm\ATfE-21.1.1-Windows-x86_64\bin\..\lib\clang-runtimes/arm-none-eabi/armv8m.main_hard_fp_exn_rtti_unaligned_size\lib\libc.a(libc_tinystdio_vfscanf.c.o)
ungetc                                            C:\Renesas\e2_studio\toolchains\llvm_arm\ATfE-21.1.1-Windows-x86_64\bin\..\lib\clang-runtimes/arm-none-eabi/armv8m.main_hard_fp_exn_rtti_unaligned_size\lib\libc.a(libc_tinystdio_ungetc.c.o)
                                                  C:\Renesas\e2_studio\toolchains\llvm_arm\ATfE-21.1.1-Windows-x86_64\bin\..\lib\clang-runtimes/arm-none-eabi/armv8m.main_hard_fp_exn_rtti_unaligned_size\lib\libc.a(libc_tinystdio_vfscanf.c.o)
__d_vfscanf                                       C:\Renesas\e2_studio\toolchains\llvm_arm\ATfE-21.1.1-Windows-x86_64\bin\..\lib\clang-runtimes/arm-none-eabi/armv8m.main_hard_fp_exn_rtti_unaligned_size\lib\libc.a(libc_tinystdio_vfscanf.c.o)
getc_unlocked                                     C:\Renesas\e2_studio\toolchains\llvm_arm\ATfE-21.1.1-Windows-x86_64\bin\..\lib\clang-runtimes/arm-none-eabi/armv8m.main_hard_fp_exn_rtti_unaligned_size\lib\libc.a(libc_tinystdio_fgetc.c.o)
fgetc                                             C:\Renesas\e2_studio\toolchains\llvm_arm\ATfE-21.1.1-Windows-x86_64\bin\..\lib\clang-runtimes/arm-none-eabi/armv8m.main_hard_fp_exn_rtti_unaligned_size\lib\libc.a(libc_tinystdio_fgetc.c.o)
__log2pow5                                        C:\Renesas\e2_studio\toolchains\llvm_arm\ATfE-21.1.1-Windows-x86_64\bin\..\lib\clang-runtimes/arm-none-eabi/armv8m.main_hard_fp_exn_rtti_unaligned_size\lib\libc.a(libc_tinystdio_ryu_log2pow5.c.o)
                                                  C:\Renesas\e2_studio\toolchains\llvm_arm\ATfE-21.1.1-Windows-x86_64\bin\..\lib\clang-runtimes/arm-none-eabi/armv8m.main_hard_fp_exn_rtti_unaligned_size\lib\libc.a(libc_tinystdio_atod_ryu.c.o)
                                                  C:\Renesas\e2_studio\toolchains\llvm_arm\ATfE-21.1.1-Windows-x86_64\bin\..\lib\clang-runtimes/arm-none-eabi/armv8m.main_hard_fp_exn_rtti_unaligned_size\lib\libc.a(libc_tinystdio_atof_ryu.c.o)
__ceil_log2pow5                                   C:\Renesas\e2_studio\toolchains\llvm_arm\ATfE-21.1.1-Windows-x86_64\bin\..\lib\clang-runtimes/arm-none-eabi/armv8m.main_hard_fp_exn_rtti_unaligned_size\lib\libc.a(libc_tinystdio_ryu_log2pow5.c.o)
                                                  C:\Renesas\e2_studio\toolchains\llvm_arm\ATfE-21.1.1-Windows-x86_64\bin\..\lib\clang-runtimes/arm-none-eabi/armv8m.main_hard_fp_exn_rtti_unaligned_size\lib\libc.a(libc_tinystdio_atod_ryu.c.o)
                                                  C:\Renesas\e2_studio\toolchains\llvm_arm\ATfE-21.1.1-Windows-x86_64\bin\..\lib\clang-runtimes/arm-none-eabi/armv8m.main_hard_fp_exn_rtti_unaligned_size\lib\libc.a(libc_tinystdio_atof_ryu.c.o)
__double_computePow5                              C:\Renesas\e2_studio\toolchains\llvm_arm\ATfE-21.1.1-Windows-x86_64\bin\..\lib\clang-runtimes/arm-none-eabi/armv8m.main_hard_fp_exn_rtti_unaligned_size\lib\libc.a(libc_tinystdio_ryu_table.c.o)
                                                  C:\Renesas\e2_studio\toolchains\llvm_arm\ATfE-21.1.1-Windows-x86_64\bin\..\lib\clang-runtimes/arm-none-eabi/armv8m.main_hard_fp_exn_rtti_unaligned_size\lib\libc.a(libc_tinystdio_atod_ryu.c.o)
                                                  C:\Renesas\e2_studio\toolchains\llvm_arm\ATfE-21.1.1-Windows-x86_64\bin\..\lib\clang-runtimes/arm-none-eabi/armv8m.main_hard_fp_exn_rtti_unaligned_size\lib\libc.a(libc_tinystdio_dtoa_ryu.c.o)
                                                  C:\Renesas\e2_studio\toolchains\llvm_arm\ATfE-21.1.1-Windows-x86_64\bin\..\lib\clang-runtimes/arm-none-eabi/armv8m.main_hard_fp_exn_rtti_unaligned_size\lib\libc.a(libc_tinystdio_ryu_divpow2.c.o)
__double_computeInvPow5                           C:\Renesas\e2_studio\toolchains\llvm_arm\ATfE-21.1.1-Windows-x86_64\bin\..\lib\clang-runtimes/arm-none-eabi/armv8m.main_hard_fp_exn_rtti_unaligned_size\lib\libc.a(libc_tinystdio_ryu_table.c.o)
                                                  C:\Renesas\e2_studio\toolchains\llvm_arm\ATfE-21.1.1-Windows-x86_64\bin\..\lib\clang-runtimes/arm-none-eabi/armv8m.main_hard_fp_exn_rtti_unaligned_size\lib\libc.a(libc_tinystdio_atod_ryu.c.o)
                                                  C:\Renesas\e2_studio\toolchains\llvm_arm\ATfE-21.1.1-Windows-x86_64\bin\..\lib\clang-runtimes/arm-none-eabi/armv8m.main_hard_fp_exn_rtti_unaligned_size\lib\libc.a(libc_tinystdio_dtoa_ryu.c.o)
                                                  C:\Renesas\e2_studio\toolchains\llvm_arm\ATfE-21.1.1-Windows-x86_64\bin\..\lib\clang-runtimes/arm-none-eabi/armv8m.main_hard_fp_exn_rtti_unaligned_size\lib\libc.a(libc_tinystdio_ryu_divpow2.c.o)
__pow5Factor                                      C:\Renesas\e2_studio\toolchains\llvm_arm\ATfE-21.1.1-Windows-x86_64\bin\..\lib\clang-runtimes/arm-none-eabi/armv8m.main_hard_fp_exn_rtti_unaligned_size\lib\libc.a(libc_tinystdio_ryu_table.c.o)
                                                  C:\Renesas\e2_studio\toolchains\llvm_arm\ATfE-21.1.1-Windows-x86_64\bin\..\lib\clang-runtimes/arm-none-eabi/armv8m.main_hard_fp_exn_rtti_unaligned_size\lib\libc.a(libc_tinystdio_atod_ryu.c.o)
                                                  C:\Renesas\e2_studio\toolchains\llvm_arm\ATfE-21.1.1-Windows-x86_64\bin\..\lib\clang-runtimes/arm-none-eabi/armv8m.main_hard_fp_exn_rtti_unaligned_size\lib\libc.a(libc_tinystdio_dtoa_ryu.c.o)
__umul128                                         C:\Renesas\e2_studio\toolchains\llvm_arm\ATfE-21.1.1-Windows-x86_64\bin\..\lib\clang-runtimes/arm-none-eabi/armv8m.main_hard_fp_exn_rtti_unaligned_size\lib\libc.a(libc_tinystdio_ryu_umul128.c.o)
                                                  C:\Renesas\e2_studio\toolchains\llvm_arm\ATfE-21.1.1-Windows-x86_64\bin\..\lib\clang-runtimes/arm-none-eabi/armv8m.main_hard_fp_exn_rtti_unaligned_size\lib\libc.a(libc_tinystdio_atod_ryu.c.o)
                                                  C:\Renesas\e2_studio\toolchains\llvm_arm\ATfE-21.1.1-Windows-x86_64\bin\..\lib\clang-runtimes/arm-none-eabi/armv8m.main_hard_fp_exn_rtti_unaligned_size\lib\libc.a(libc_tinystdio_dtoa_ryu.c.o)
                                                  C:\Renesas\e2_studio\toolchains\llvm_arm\ATfE-21.1.1-Windows-x86_64\bin\..\lib\clang-runtimes/arm-none-eabi/armv8m.main_hard_fp_exn_rtti_unaligned_size\lib\libc.a(libc_tinystdio_ryu_table.c.o)
__shiftright128                                   C:\Renesas\e2_studio\toolchains\llvm_arm\ATfE-21.1.1-Windows-x86_64\bin\..\lib\clang-runtimes/arm-none-eabi/armv8m.main_hard_fp_exn_rtti_unaligned_size\lib\libc.a(libc_tinystdio_ryu_umul128.c.o)
                                                  C:\Renesas\e2_studio\toolchains\llvm_arm\ATfE-21.1.1-Windows-x86_64\bin\..\lib\clang-runtimes/arm-none-eabi/armv8m.main_hard_fp_exn_rtti_unaligned_size\lib\libc.a(libc_tinystdio_atod_ryu.c.o)
                                                  C:\Renesas\e2_studio\toolchains\llvm_arm\ATfE-21.1.1-Windows-x86_64\bin\..\lib\clang-runtimes/arm-none-eabi/armv8m.main_hard_fp_exn_rtti_unaligned_size\lib\libc.a(libc_tinystdio_dtoa_ryu.c.o)
                                                  C:\Renesas\e2_studio\toolchains\llvm_arm\ATfE-21.1.1-Windows-x86_64\bin\..\lib\clang-runtimes/arm-none-eabi/armv8m.main_hard_fp_exn_rtti_unaligned_size\lib\libc.a(libc_tinystdio_ryu_table.c.o)
__mulPow5divPow2                                  C:\Renesas\e2_studio\toolchains\llvm_arm\ATfE-21.1.1-Windows-x86_64\bin\..\lib\clang-runtimes/arm-none-eabi/armv8m.main_hard_fp_exn_rtti_unaligned_size\lib\libc.a(libc_tinystdio_ryu_divpow2.c.o)
                                                  C:\Renesas\e2_studio\toolchains\llvm_arm\ATfE-21.1.1-Windows-x86_64\bin\..\lib\clang-runtimes/arm-none-eabi/armv8m.main_hard_fp_exn_rtti_unaligned_size\lib\libc.a(libc_tinystdio_atof_ryu.c.o)
__mulPow5InvDivPow2                               C:\Renesas\e2_studio\toolchains\llvm_arm\ATfE-21.1.1-Windows-x86_64\bin\..\lib\clang-runtimes/arm-none-eabi/armv8m.main_hard_fp_exn_rtti_unaligned_size\lib\libc.a(libc_tinystdio_ryu_divpow2.c.o)
                                                  C:\Renesas\e2_studio\toolchains\llvm_arm\ATfE-21.1.1-Windows-x86_64\bin\..\lib\clang-runtimes/arm-none-eabi/armv8m.main_hard_fp_exn_rtti_unaligned_size\lib\libc.a(libc_tinystdio_atof_ryu.c.o)
__log10Pow2                                       C:\Renesas\e2_studio\toolchains\llvm_arm\ATfE-21.1.1-Windows-x86_64\bin\..\lib\clang-runtimes/arm-none-eabi/armv8m.main_hard_fp_exn_rtti_unaligned_size\lib\libc.a(libc_tinystdio_ryu_log10.c.o)
                                                  C:\Renesas\e2_studio\toolchains\llvm_arm\ATfE-21.1.1-Windows-x86_64\bin\..\lib\clang-runtimes/arm-none-eabi/armv8m.main_hard_fp_exn_rtti_unaligned_size\lib\libc.a(libc_tinystdio_dtoa_ryu.c.o)
__pow5bits                                        C:\Renesas\e2_studio\toolchains\llvm_arm\ATfE-21.1.1-Windows-x86_64\bin\..\lib\clang-runtimes/arm-none-eabi/armv8m.main_hard_fp_exn_rtti_unaligned_size\lib\libc.a(libc_tinystdio_ryu_pow5bits.c.o)
                                                  C:\Renesas\e2_studio\toolchains\llvm_arm\ATfE-21.1.1-Windows-x86_64\bin\..\lib\clang-runtimes/arm-none-eabi/armv8m.main_hard_fp_exn_rtti_unaligned_size\lib\libc.a(libc_tinystdio_dtoa_ryu.c.o)
                                                  C:\Renesas\e2_studio\toolchains\llvm_arm\ATfE-21.1.1-Windows-x86_64\bin\..\lib\clang-runtimes/arm-none-eabi/armv8m.main_hard_fp_exn_rtti_unaligned_size\lib\libc.a(libc_tinystdio_ryu_table.c.o)
__log10Pow5                                       C:\Renesas\e2_studio\toolchains\llvm_arm\ATfE-21.1.1-Windows-x86_64\bin\..\lib\clang-runtimes/arm-none-eabi/armv8m.main_hard_fp_exn_rtti_unaligned_size\lib\libc.a(libc_tinystdio_ryu_log10.c.o)
                                                  C:\Renesas\e2_studio\toolchains\llvm_arm\ATfE-21.1.1-Windows-x86_64\bin\..\lib\clang-runtimes/arm-none-eabi/armv8m.main_hard_fp_exn_rtti_unaligned_size\lib\libc.a(libc_tinystdio_dtoa_ryu.c.o)
expl                                              C:\Renesas\e2_studio\toolchains\llvm_arm\ATfE-21.1.1-Windows-x86_64\bin\..\lib\clang-runtimes/arm-none-eabi/armv8m.main_hard_fp_exn_rtti_unaligned_size\lib\libc.a(libm_math_s_exp.c.o)
log                                               C:\Renesas\e2_studio\toolchains\llvm_arm\ATfE-21.1.1-Windows-x86_64\bin\..\lib\clang-runtimes/arm-none-eabi/armv8m.main_hard_fp_exn_rtti_unaligned_size\lib\libc.a(libm_math_s_log.c.o)
                                                  C:\Renesas\e2_studio\toolchains\llvm_arm\ATfE-21.1.1-Windows-x86_64\bin\..\lib\clang-runtimes/arm-none-eabi/armv8m.main_hard_fp_exn_rtti_unaligned_size\lib\libc.a(libm_math_s_log10.c.o)
log10l                                            C:\Renesas\e2_studio\toolchains\llvm_arm\ATfE-21.1.1-Windows-x86_64\bin\..\lib\clang-runtimes/arm-none-eabi/armv8m.main_hard_fp_exn_rtti_unaligned_size\lib\libc.a(libm_math_s_log10.c.o)
logl                                              C:\Renesas\e2_studio\toolchains\llvm_arm\ATfE-21.1.1-Windows-x86_64\bin\..\lib\clang-runtimes/arm-none-eabi/armv8m.main_hard_fp_exn_rtti_unaligned_size\lib\libc.a(libm_math_s_log.c.o)
scalbn                                            C:\Renesas\e2_studio\toolchains\llvm_arm\ATfE-21.1.1-Windows-x86_64\bin\..\lib\clang-runtimes/arm-none-eabi/armv8m.main_hard_fp_exn_rtti_unaligned_size\lib\libc.a(libm_common_s_scalbn.c.o)
                                                  C:\Renesas\e2_studio\toolchains\llvm_arm\ATfE-21.1.1-Windows-x86_64\bin\..\lib\clang-runtimes/arm-none-eabi/armv8m.main_hard_fp_exn_rtti_unaligned_size\lib\libc.a(libm_math_s_pow.c.o)
sqrt                                              C:\Renesas\e2_studio\toolchains\llvm_arm\ATfE-21.1.1-Windows-x86_64\bin\..\lib\clang-runtimes/arm-none-eabi/armv8m.main_hard_fp_exn_rtti_unaligned_size\lib\libc.a(libm_machine_arm_s_sqrt.c.o)
                                                  C:\Renesas\e2_studio\toolchains\llvm_arm\ATfE-21.1.1-Windows-x86_64\bin\..\lib\clang-runtimes/arm-none-eabi/armv8m.main_hard_fp_exn_rtti_unaligned_size\lib\libc.a(libm_math_s_pow.c.o)
_pow                                              C:\Renesas\e2_studio\toolchains\llvm_arm\ATfE-21.1.1-Windows-x86_64\bin\..\lib\clang-runtimes/arm-none-eabi/armv8m.main_hard_fp_exn_rtti_unaligned_size\lib\libc.a(libm_math_s_pow.c.o)
powl                                              C:\Renesas\e2_studio\toolchains\llvm_arm\ATfE-21.1.1-Windows-x86_64\bin\..\lib\clang-runtimes/arm-none-eabi/armv8m.main_hard_fp_exn_rtti_unaligned_size\lib\libc.a(libm_math_s_pow.c.o)
sqrtl                                             C:\Renesas\e2_studio\toolchains\llvm_arm\ATfE-21.1.1-Windows-x86_64\bin\..\lib\clang-runtimes/arm-none-eabi/armv8m.main_hard_fp_exn_rtti_unaligned_size\lib\libc.a(libm_machine_arm_s_sqrt.c.o)
ldexp                                             C:\Renesas\e2_studio\toolchains\llvm_arm\ATfE-21.1.1-Windows-x86_64\bin\..\lib\clang-runtimes/arm-none-eabi/armv8m.main_hard_fp_exn_rtti_unaligned_size\lib\libc.a(libm_common_s_scalbn.c.o)
scalbnl                                           C:\Renesas\e2_studio\toolchains\llvm_arm\ATfE-21.1.1-Windows-x86_64\bin\..\lib\clang-runtimes/arm-none-eabi/armv8m.main_hard_fp_exn_rtti_unaligned_size\lib\libc.a(libm_common_s_scalbn.c.o)
ldexpl                                            C:\Renesas\e2_studio\toolchains\llvm_arm\ATfE-21.1.1-Windows-x86_64\bin\..\lib\clang-runtimes/arm-none-eabi/armv8m.main_hard_fp_exn_rtti_unaligned_size\lib\libc.a(libm_common_s_scalbn.c.o)
isnan                                             C:\Renesas\e2_studio\toolchains\llvm_arm\ATfE-21.1.1-Windows-x86_64\bin\..\lib\clang-runtimes/arm-none-eabi/armv8m.main_hard_fp_exn_rtti_unaligned_size\lib\libc.a(libm_common_s_isnan.c.o)
isnanl                                            C:\Renesas\e2_studio\toolchains\llvm_arm\ATfE-21.1.1-Windows-x86_64\bin\..\lib\clang-runtimes/arm-none-eabi/armv8m.main_hard_fp_exn_rtti_unaligned_size\lib\libc.a(libm_common_s_isnan.c.o)
__isnanl                                          C:\Renesas\e2_studio\toolchains\llvm_arm\ATfE-21.1.1-Windows-x86_64\bin\..\lib\clang-runtimes/arm-none-eabi/armv8m.main_hard_fp_exn_rtti_unaligned_size\lib\libc.a(libm_common_s_isnan.c.o)
